Archive member included because of file (symbol)

c:/winavr-20100110/bin/../lib/gcc/avr/4.3.3/avr5\libgcc.a(_mulsi3.o)
                              ./MCAL/PWM/PWM.o (__mulsi3)
c:/winavr-20100110/bin/../lib/gcc/avr/4.3.3/avr5\libgcc.a(_udivmodsi4.o)
                              ./MCAL/Timer/Timer.o (__udivmodsi4)
c:/winavr-20100110/bin/../lib/gcc/avr/4.3.3/avr5\libgcc.a(_exit.o)
                              c:/winavr-20100110/bin/../lib/gcc/avr/4.3.3/../../../../avr/lib/avr5/crtm32.o (exit)
c:/winavr-20100110/bin/../lib/gcc/avr/4.3.3/avr5\libgcc.a(_copy_data.o)
                              ./MCAL/Timer/Timer_Cfg.o (__do_copy_data)
c:/winavr-20100110/bin/../lib/gcc/avr/4.3.3/avr5\libgcc.a(_clear_bss.o)
                              ./MCAL/Timer/Timer.o (__do_clear_bss)
c:/winavr-20100110/bin/../lib/gcc/avr/4.3.3/avr5\libgcc.a(_muldi3.o)
                              ./MCAL/Timer/Timer.o (__muldi3)
c:/winavr-20100110/bin/../lib/gcc/avr/4.3.3/avr5\libgcc.a(_ashldi3.o)
                              ./Services/TDelay/TDelay.o (__ashldi3)
c:/winavr-20100110/bin/../lib/gcc/avr/4.3.3/avr5\libgcc.a(_udivdi3.o)
                              ./MCAL/Timer/Timer.o (__udivdi3)
c:/winavr-20100110/bin/../lib/gcc/avr/4.3.3/avr5\libgcc.a(_prologue.o)
                              c:/winavr-20100110/bin/../lib/gcc/avr/4.3.3/avr5\libgcc.a(_muldi3.o) (__prologue_saves__)
c:/winavr-20100110/bin/../lib/gcc/avr/4.3.3/avr5\libgcc.a(_epilogue.o)
                              c:/winavr-20100110/bin/../lib/gcc/avr/4.3.3/avr5\libgcc.a(_muldi3.o) (__epilogue_restores__)
c:/winavr-20100110/bin/../lib/gcc/avr/4.3.3/avr5\libgcc.a(_clz.o)
                              c:/winavr-20100110/bin/../lib/gcc/avr/4.3.3/avr5\libgcc.a(_udivdi3.o) (__clz_tab)
c:/winavr-20100110/bin/../lib/gcc/avr/4.3.3/../../../../avr/lib/avr5\libc.a(itoa.o)
                              ./ECUAL/LCD/LCD.o (itoa)
c:/winavr-20100110/bin/../lib/gcc/avr/4.3.3/../../../../avr/lib/avr5\libc.a(strrev.o)
                              c:/winavr-20100110/bin/../lib/gcc/avr/4.3.3/../../../../avr/lib/avr5\libc.a(itoa.o) (strrev)
c:/winavr-20100110/bin/../lib/gcc/avr/4.3.3/avr5\libgcc.a(_udivmodhi4.o)
                              c:/winavr-20100110/bin/../lib/gcc/avr/4.3.3/../../../../avr/lib/avr5\libc.a(itoa.o) (__udivmodhi4)

Allocating common symbols
Common symbol       size              file

gu8UltrasonicFlag   0x1               ./APP/DisplayDistance/DisplayDistance.o
pEXTINT1CallBack    0x2               ./MCAL/EX_INT/EXTINT.o
pEXTINT2CallBack    0x2               ./MCAL/EX_INT/EXTINT.o
pEXTINT0CallBack    0x2               ./MCAL/EX_INT/EXTINT.o
gu16Distance        0x2               ./APP/HBridgeControl/HBridgeControl.o
gu8GroupId          0x1               ./ECUAL/Ultrasonic/Ultrasonic.o

Memory Configuration

Name             Origin             Length             Attributes
text             0x00000000         0x00020000         xr
data             0x00800060         0x0000ffa0         rw !x
eeprom           0x00810000         0x00010000         rw !x
fuse             0x00820000         0x00000400         rw !x
lock             0x00830000         0x00000400         rw !x
signature        0x00840000         0x00000400         rw !x
*default*        0x00000000         0xffffffff

Linker script and memory map

LOAD c:/winavr-20100110/bin/../lib/gcc/avr/4.3.3/../../../../avr/lib/avr5/crtm32.o
LOAD ./Services/TDelay/TDelay.o
LOAD ./MCAL/Timer/Timer.o
LOAD ./MCAL/Timer/Timer_Cfg.o
LOAD ./MCAL/PWM/PWM.o
LOAD ./MCAL/PWM/PWM_Cfg.o
LOAD ./MCAL/EX_INT/EXTINT.o
LOAD ./MCAL/EX_INT/EXTINT_Cfg.o
LOAD ./MCAL/DIO/DIO.o
LOAD ./MCAL/DIO/DIO_Cfg.o
LOAD ./ECUAL/Ultrasonic/Ultrasonic.o
LOAD ./ECUAL/Ultrasonic/Ultrasonic_Cfg.o
LOAD ./ECUAL/SW_ICU/SW_ICU.o
LOAD ./ECUAL/SW_ICU/SW_ICU_Cfg.o
LOAD ./ECUAL/LCD/LCD.o
LOAD ./ECUAL/LCD/LCD_Cfg.o
LOAD ./ECUAL/HBridge/HBridge.o
LOAD ./ECUAL/HBridge/HBridge_Cfg.o
LOAD ./APP/HBridgeControl/HBridgeControl.o
LOAD ./APP/GetDistance/GetDistance.o
LOAD ./APP/DisplayDistance/DisplayDistance.o
LOAD ./APP/CarControl/CarControl.o
LOAD ./main.o
LOAD c:/winavr-20100110/bin/../lib/gcc/avr/4.3.3/avr5\libgcc.a
LOAD c:/winavr-20100110/bin/../lib/gcc/avr/4.3.3/../../../../avr/lib/avr5\libc.a
LOAD c:/winavr-20100110/bin/../lib/gcc/avr/4.3.3/avr5\libgcc.a

.hash
 *(.hash)

.dynsym
 *(.dynsym)

.dynstr
 *(.dynstr)

.gnu.version
 *(.gnu.version)

.gnu.version_d
 *(.gnu.version_d)

.gnu.version_r
 *(.gnu.version_r)

.rel.init
 *(.rel.init)

.rela.init
 *(.rela.init)

.rel.text
 *(.rel.text)
 *(.rel.text.*)
 *(.rel.gnu.linkonce.t*)

.rela.text
 *(.rela.text)
 *(.rela.text.*)
 *(.rela.gnu.linkonce.t*)

.rel.fini
 *(.rel.fini)

.rela.fini
 *(.rela.fini)

.rel.rodata
 *(.rel.rodata)
 *(.rel.rodata.*)
 *(.rel.gnu.linkonce.r*)

.rela.rodata
 *(.rela.rodata)
 *(.rela.rodata.*)
 *(.rela.gnu.linkonce.r*)

.rel.data
 *(.rel.data)
 *(.rel.data.*)
 *(.rel.gnu.linkonce.d*)

.rela.data
 *(.rela.data)
 *(.rela.data.*)
 *(.rela.gnu.linkonce.d*)

.rel.ctors
 *(.rel.ctors)

.rela.ctors
 *(.rela.ctors)

.rel.dtors
 *(.rel.dtors)

.rela.dtors
 *(.rela.dtors)

.rel.got
 *(.rel.got)

.rela.got
 *(.rela.got)

.rel.bss
 *(.rel.bss)

.rela.bss
 *(.rela.bss)

.rel.plt
 *(.rel.plt)

.rela.plt
 *(.rela.plt)

.text           0x00000000     0x4040
 *(.vectors)
 .vectors       0x00000000       0x54 c:/winavr-20100110/bin/../lib/gcc/avr/4.3.3/../../../../avr/lib/avr5/crtm32.o
                0x00000000                __vectors
                0x00000000                __vector_default
 *(.vectors)
 *(.progmem.gcc*)
 *(.progmem*)
                0x00000054                . = ALIGN (0x2)
                0x00000054                __trampolines_start = .
 *(.trampolines)
 .trampolines   0x00000054        0x0 linker stubs
 *(.trampolines*)
                0x00000054                __trampolines_end = .
 *(.jumptables)
 *(.jumptables*)
 *(.lowtext)
 *(.lowtext*)
                0x00000054                __ctors_start = .
 *(.ctors)
                0x00000054                __ctors_end = .
                0x00000054                __dtors_start = .
 *(.dtors)
                0x00000054                __dtors_end = .
 SORT(*)(.ctors)
 SORT(*)(.dtors)
 *(.init0)
 .init0         0x00000054        0x0 c:/winavr-20100110/bin/../lib/gcc/avr/4.3.3/../../../../avr/lib/avr5/crtm32.o
                0x00000054                __init
 *(.init0)
 *(.init1)
 *(.init1)
 *(.init2)
 .init2         0x00000054        0xc c:/winavr-20100110/bin/../lib/gcc/avr/4.3.3/../../../../avr/lib/avr5/crtm32.o
 *(.init2)
 *(.init3)
 *(.init3)
 *(.init4)
 .init4         0x00000060       0x16 c:/winavr-20100110/bin/../lib/gcc/avr/4.3.3/avr5\libgcc.a(_copy_data.o)
                0x00000060                __do_copy_data
 .init4         0x00000076       0x10 c:/winavr-20100110/bin/../lib/gcc/avr/4.3.3/avr5\libgcc.a(_clear_bss.o)
                0x00000076                __do_clear_bss
 *(.init4)
 *(.init5)
 *(.init5)
 *(.init6)
 *(.init6)
 *(.init7)
 *(.init7)
 *(.init8)
 *(.init8)
 *(.init9)
 .init9         0x00000086        0x8 c:/winavr-20100110/bin/../lib/gcc/avr/4.3.3/../../../../avr/lib/avr5/crtm32.o
 *(.init9)
 *(.text)
 .text          0x0000008e        0x4 c:/winavr-20100110/bin/../lib/gcc/avr/4.3.3/../../../../avr/lib/avr5/crtm32.o
                0x0000008e                __vector_12
                0x0000008e                __bad_interrupt
                0x0000008e                __vector_6
                0x0000008e                __vector_13
                0x0000008e                __vector_17
                0x0000008e                __vector_19
                0x0000008e                __vector_7
                0x0000008e                __vector_4
                0x0000008e                __vector_15
                0x0000008e                __vector_8
                0x0000008e                __vector_14
                0x0000008e                __vector_10
                0x0000008e                __vector_16
                0x0000008e                __vector_18
                0x0000008e                __vector_20
 .text          0x00000092        0x0 ./Services/TDelay/TDelay.o
 .text          0x00000092        0x0 ./MCAL/Timer/Timer.o
 .text          0x00000092        0x0 ./MCAL/Timer/Timer_Cfg.o
 .text          0x00000092        0x0 ./MCAL/PWM/PWM.o
 .text          0x00000092        0x0 ./MCAL/PWM/PWM_Cfg.o
 .text          0x00000092        0x0 ./MCAL/EX_INT/EXTINT.o
 .text          0x00000092        0x0 ./MCAL/EX_INT/EXTINT_Cfg.o
 .text          0x00000092        0x0 ./MCAL/DIO/DIO.o
 .text          0x00000092        0x0 ./MCAL/DIO/DIO_Cfg.o
 .text          0x00000092        0x0 ./ECUAL/Ultrasonic/Ultrasonic.o
 .text          0x00000092        0x0 ./ECUAL/Ultrasonic/Ultrasonic_Cfg.o
 .text          0x00000092        0x0 ./ECUAL/SW_ICU/SW_ICU.o
 .text          0x00000092        0x0 ./ECUAL/SW_ICU/SW_ICU_Cfg.o
 .text          0x00000092        0x0 ./ECUAL/LCD/LCD.o
 .text          0x00000092        0x0 ./ECUAL/LCD/LCD_Cfg.o
 .text          0x00000092        0x0 ./ECUAL/HBridge/HBridge.o
 .text          0x00000092        0x0 ./ECUAL/HBridge/HBridge_Cfg.o
 .text          0x00000092        0x0 ./APP/HBridgeControl/HBridgeControl.o
 .text          0x00000092        0x0 ./APP/GetDistance/GetDistance.o
 .text          0x00000092        0x0 ./APP/DisplayDistance/DisplayDistance.o
 .text          0x00000092        0x0 ./APP/CarControl/CarControl.o
 .text          0x00000092        0x0 ./main.o
 .text          0x00000092        0x0 c:/winavr-20100110/bin/../lib/gcc/avr/4.3.3/avr5\libgcc.a(_mulsi3.o)
 .text          0x00000092        0x0 c:/winavr-20100110/bin/../lib/gcc/avr/4.3.3/avr5\libgcc.a(_udivmodsi4.o)
 .text          0x00000092        0x0 c:/winavr-20100110/bin/../lib/gcc/avr/4.3.3/avr5\libgcc.a(_exit.o)
 .text          0x00000092        0x0 c:/winavr-20100110/bin/../lib/gcc/avr/4.3.3/avr5\libgcc.a(_copy_data.o)
 .text          0x00000092        0x0 c:/winavr-20100110/bin/../lib/gcc/avr/4.3.3/avr5\libgcc.a(_clear_bss.o)
 .text          0x00000092      0x1f6 c:/winavr-20100110/bin/../lib/gcc/avr/4.3.3/avr5\libgcc.a(_muldi3.o)
                0x00000092                __muldi3
 .text          0x00000288       0xfe c:/winavr-20100110/bin/../lib/gcc/avr/4.3.3/avr5\libgcc.a(_ashldi3.o)
                0x00000288                __ashldi3
 .text          0x00000386      0xcea c:/winavr-20100110/bin/../lib/gcc/avr/4.3.3/avr5\libgcc.a(_udivdi3.o)
                0x00000386                __udivdi3
 .text          0x00001070        0x0 c:/winavr-20100110/bin/../lib/gcc/avr/4.3.3/avr5\libgcc.a(_prologue.o)
 .text          0x00001070        0x0 c:/winavr-20100110/bin/../lib/gcc/avr/4.3.3/avr5\libgcc.a(_epilogue.o)
 .text          0x00001070        0x0 c:/winavr-20100110/bin/../lib/gcc/avr/4.3.3/avr5\libgcc.a(_clz.o)
 .text          0x00001070        0x0 c:/winavr-20100110/bin/../lib/gcc/avr/4.3.3/../../../../avr/lib/avr5\libc.a(itoa.o)
 .text          0x00001070        0x0 c:/winavr-20100110/bin/../lib/gcc/avr/4.3.3/../../../../avr/lib/avr5\libc.a(strrev.o)
 .text          0x00001070        0x0 c:/winavr-20100110/bin/../lib/gcc/avr/4.3.3/avr5\libgcc.a(_udivmodhi4.o)
                0x00001070                . = ALIGN (0x2)
 *(.text.*)
 .text.TDelay_Stop
                0x00001070        0x6 ./Services/TDelay/TDelay.o
                0x00001070                TDelay_Stop
 .text.TDelay_us
                0x00001076       0x58 ./Services/TDelay/TDelay.o
                0x00001076                TDelay_us
 .text.TDelay_ms
                0x000010ce      0x242 ./Services/TDelay/TDelay.o
                0x000010ce                TDelay_ms
 .text.Timer_Init
                0x00001310      0x154 ./MCAL/Timer/Timer.o
                0x00001310                Timer_Init
 .text.Timer_OCMode
                0x00001464      0x124 ./MCAL/Timer/Timer.o
                0x00001464                Timer_OCMode
 .text.Timer_OVInterruptEnable
                0x00001588       0x34 ./MCAL/Timer/Timer.o
                0x00001588                Timer_OVInterruptEnable
 .text.Timer_OVInterruptDisable
                0x000015bc       0x34 ./MCAL/Timer/Timer.o
                0x000015bc                Timer_OVInterruptDisable
 .text.Timer_OCInterruptEnable
                0x000015f0       0x52 ./MCAL/Timer/Timer.o
                0x000015f0                Timer_OCInterruptEnable
 .text.Timer_OCInterruptDisable
                0x00001642       0x52 ./MCAL/Timer/Timer.o
                0x00001642                Timer_OCInterruptDisable
 .text.Timer_Start
                0x00001694      0x6b8 ./MCAL/Timer/Timer.o
                0x00001694                Timer_Start
 .text.Timer_Stop
                0x00001d4c       0xd8 ./MCAL/Timer/Timer.o
                0x00001d4c                Timer_Stop
 .text.Timer_GetStatus
                0x00001e24      0x2d2 ./MCAL/Timer/Timer.o
                0x00001e24                Timer_GetStatus
 .text.Timer1_Init
                0x000020f6       0x48 ./MCAL/Timer/Timer.o
                0x000020f6                Timer1_Init
 .text.Timer1_OVF_SetCallback
                0x0000213e       0x14 ./MCAL/Timer/Timer.o
                0x0000213e                Timer1_OVF_SetCallback
 .text.Timer1_GetOVFCount
                0x00002152       0x26 ./MCAL/Timer/Timer.o
                0x00002152                Timer1_GetOVFCount
 .text.Timer1_ResetOVFCount
                0x00002178       0x14 ./MCAL/Timer/Timer.o
                0x00002178                Timer1_ResetOVFCount
 .text.__vector_11
                0x0000218c      0x1ae ./MCAL/Timer/Timer.o
                0x0000218c                __vector_11
 .text.__vector_9
                0x0000233a       0x78 ./MCAL/Timer/Timer.o
                0x0000233a                __vector_9
 .text.__vector_5
                0x000023b2      0x1ae ./MCAL/Timer/Timer.o
                0x000023b2                __vector_5
 .text.PWM_Init
                0x00002560      0x1bc ./MCAL/PWM/PWM.o
                0x00002560                PWM_Init
 .text.PWM_Start
                0x0000271c       0x82 ./MCAL/PWM/PWM.o
                0x0000271c                PWM_Start
 .text.PWM_Stop
                0x0000279e       0xe6 ./MCAL/PWM/PWM.o
                0x0000279e                PWM_Stop
 .text.EXTINT_Init
                0x00002884       0xd6 ./MCAL/EX_INT/EXTINT.o
                0x00002884                EXTINT_Init
 .text.EXTINT_SetSenseMode
                0x0000295a       0xa4 ./MCAL/EX_INT/EXTINT.o
                0x0000295a                EXTINT_SetSenseMode
 .text.EXTINT_SetCallBack
                0x000029fe       0x3e ./MCAL/EX_INT/EXTINT.o
                0x000029fe                EXTINT_SetCallBack
 .text.__vector_1
                0x00002a3c       0x4e ./MCAL/EX_INT/EXTINT.o
                0x00002a3c                __vector_1
 .text.__vector_2
                0x00002a8a       0x4e ./MCAL/EX_INT/EXTINT.o
                0x00002a8a                __vector_2
 .text.__vector_3
                0x00002ad8       0x4e ./MCAL/EX_INT/EXTINT.o
                0x00002ad8                __vector_3
 .text.DIO_Init
                0x00002b26       0xb8 ./MCAL/DIO/DIO.o
                0x00002b26                DIO_Init
 .text.DIO_Write
                0x00002bde       0x70 ./MCAL/DIO/DIO.o
                0x00002bde                DIO_Write
 .text.DIO_Read
                0x00002c4e       0x78 ./MCAL/DIO/DIO.o
                0x00002c4e                DIO_Read
 .text.DIO_Toggle
                0x00002cc6       0x8a ./MCAL/DIO/DIO.o
                0x00002cc6                DIO_Toggle
 .text.Ultrasonic_GetDistance
                0x00002d50       0x52 ./ECUAL/Ultrasonic/Ultrasonic.o
                0x00002d50                Ultrasonic_GetDistance
 .text.Ultrasonic_GetReading_Polling
                0x00002da2       0x96 ./ECUAL/Ultrasonic/Ultrasonic.o
                0x00002da2                Ultrasonic_GetReading_Polling
 .text.Ultrasonic_Trigger
                0x00002e38       0x4c ./ECUAL/Ultrasonic/Ultrasonic.o
                0x00002e38                Ultrasonic_Trigger
 .text.Ultrasonic_Init
                0x00002e84       0x6c ./ECUAL/Ultrasonic/Ultrasonic.o
                0x00002e84                Ultrasonic_Init
 .text.Get_Readings
                0x00002ef0       0x9a ./ECUAL/Ultrasonic/Ultrasonic.o
 .text.SW_ICU_SetCallback
                0x00002f8a       0x26 ./ECUAL/SW_ICU/SW_ICU.o
                0x00002f8a                SW_ICU_SetCallback
 .text.SW_ICU_Reset_Reading
                0x00002fb0        0x8 ./ECUAL/SW_ICU/SW_ICU.o
                0x00002fb0                SW_ICU_Reset_Reading
 .text.SW_ICU_GetReading
                0x00002fb8       0x92 ./ECUAL/SW_ICU/SW_ICU.o
                0x00002fb8                SW_ICU_GetReading
 .text.SW_ICU_SetEdge
                0x0000304a       0x1c ./ECUAL/SW_ICU/SW_ICU.o
                0x0000304a                SW_ICU_SetEdge
 .text.SW_ICU_Init
                0x00003066       0x88 ./ECUAL/SW_ICU/SW_ICU.o
                0x00003066                SW_ICU_Init
 .text.LCD_sendCommand
                0x000030ee      0x29e ./ECUAL/LCD/LCD.o
 .text.LCD_clearScreen
                0x0000338c       0x7a ./ECUAL/LCD/LCD.o
                0x0000338c                LCD_clearScreen
 .text.LCD_goToRowColumn
                0x00003406       0x50 ./ECUAL/LCD/LCD.o
                0x00003406                LCD_goToRowColumn
 .text.LCD_displayCharacter
                0x00003456      0x29e ./ECUAL/LCD/LCD.o
                0x00003456                LCD_displayCharacter
 .text.LCD_displayString
                0x000036f4       0x3c ./ECUAL/LCD/LCD.o
                0x000036f4                LCD_displayString
 .text.LCD_displayStringRowColumn
                0x00003730       0x20 ./ECUAL/LCD/LCD.o
                0x00003730                LCD_displayStringRowColumn
 .text.LCD_Callback
                0x00003750       0x58 ./ECUAL/LCD/LCD.o
 .text.LCD_intgerToString
                0x000037a8       0x50 ./ECUAL/LCD/LCD.o
                0x000037a8                LCD_intgerToString
 .text.LCD_Init
                0x000037f8      0x22c ./ECUAL/LCD/LCD.o
                0x000037f8                LCD_Init
 .text.HBridge_SetSpeed
                0x00003a24       0x38 ./ECUAL/HBridge/HBridge.o
                0x00003a24                HBridge_SetSpeed
 .text.HBridge_SetDirection
                0x00003a5c       0xee ./ECUAL/HBridge/HBridge.o
                0x00003a5c                HBridge_SetDirection
 .text.HBridge_Stop
                0x00003b4a       0x7c ./ECUAL/HBridge/HBridge.o
                0x00003b4a                HBridge_Stop
 .text.HBridge_Start
                0x00003bc6       0x84 ./ECUAL/HBridge/HBridge.o
                0x00003bc6                HBridge_Start
 .text.HBridge_Init
                0x00003c4a       0xfe ./ECUAL/HBridge/HBridge.o
                0x00003c4a                HBridge_Init
 .text.HBridgeControl_Update
                0x00003d48       0x3a ./APP/HBridgeControl/HBridgeControl.o
                0x00003d48                HBridgeControl_Update
 .text.HBridgeControl_Init
                0x00003d82       0x1e ./APP/HBridgeControl/HBridgeControl.o
                0x00003d82                HBridgeControl_Init
 .text.GetDistance_Update
                0x00003da0       0x20 ./APP/GetDistance/GetDistance.o
                0x00003da0                GetDistance_Update
 .text.GetDistance_Init
                0x00003dc0        0xc ./APP/GetDistance/GetDistance.o
                0x00003dc0                GetDistance_Init
 .text.DisplayDistance_Update
                0x00003dcc       0x6e ./APP/DisplayDistance/DisplayDistance.o
                0x00003dcc                DisplayDistance_Update
 .text.DisplayDistance_Init
                0x00003e3a       0x58 ./APP/DisplayDistance/DisplayDistance.o
                0x00003e3a                DisplayDistance_Init
 .text.CarControl_Update
                0x00003e92       0x12 ./APP/CarControl/CarControl.o
                0x00003e92                CarControl_Update
 .text.CarControl_Init
                0x00003ea4       0x14 ./APP/CarControl/CarControl.o
                0x00003ea4                CarControl_Init
 .text.main     0x00003eb8        0xa ./main.o
                0x00003eb8                main
 .text.libgcc   0x00003ec2       0x3e c:/winavr-20100110/bin/../lib/gcc/avr/4.3.3/avr5\libgcc.a(_mulsi3.o)
                0x00003ec2                __mulsi3
 .text.libgcc   0x00003f00       0x44 c:/winavr-20100110/bin/../lib/gcc/avr/4.3.3/avr5\libgcc.a(_udivmodsi4.o)
                0x00003f00                __udivmodsi4
 .text.libgcc   0x00003f44        0x0 c:/winavr-20100110/bin/../lib/gcc/avr/4.3.3/avr5\libgcc.a(_exit.o)
 .text.libgcc   0x00003f44        0x0 c:/winavr-20100110/bin/../lib/gcc/avr/4.3.3/avr5\libgcc.a(_copy_data.o)
 .text.libgcc   0x00003f44        0x0 c:/winavr-20100110/bin/../lib/gcc/avr/4.3.3/avr5\libgcc.a(_clear_bss.o)
 .text.libgcc   0x00003f44       0x38 c:/winavr-20100110/bin/../lib/gcc/avr/4.3.3/avr5\libgcc.a(_prologue.o)
                0x00003f44                __prologue_saves__
 .text.libgcc   0x00003f7c       0x36 c:/winavr-20100110/bin/../lib/gcc/avr/4.3.3/avr5\libgcc.a(_epilogue.o)
                0x00003f7c                __epilogue_restores__
 .text.avr-libc
                0x00003fb2       0x42 c:/winavr-20100110/bin/../lib/gcc/avr/4.3.3/../../../../avr/lib/avr5\libc.a(itoa.o)
                0x00003fb2                itoa
 .text.avr-libc
                0x00003ff4       0x20 c:/winavr-20100110/bin/../lib/gcc/avr/4.3.3/../../../../avr/lib/avr5\libc.a(strrev.o)
                0x00003ff4                strrev
 .text.libgcc   0x00004014       0x28 c:/winavr-20100110/bin/../lib/gcc/avr/4.3.3/avr5\libgcc.a(_udivmodhi4.o)
                0x00004014                __udivmodhi4
                0x0000403c                . = ALIGN (0x2)
 *(.fini9)
 .fini9         0x0000403c        0x0 c:/winavr-20100110/bin/../lib/gcc/avr/4.3.3/avr5\libgcc.a(_exit.o)
                0x0000403c                exit
                0x0000403c                _exit
 *(.fini9)
 *(.fini8)
 *(.fini8)
 *(.fini7)
 *(.fini7)
 *(.fini6)
 *(.fini6)
 *(.fini5)
 *(.fini5)
 *(.fini4)
 *(.fini4)
 *(.fini3)
 *(.fini3)
 *(.fini2)
 *(.fini2)
 *(.fini1)
 *(.fini1)
 *(.fini0)
 .fini0         0x0000403c        0x4 c:/winavr-20100110/bin/../lib/gcc/avr/4.3.3/avr5\libgcc.a(_exit.o)
 *(.fini0)
                0x00004040                _etext = .

.data           0x00800060      0x176 load address 0x00004040
                0x00800060                PROVIDE (__data_start, .)
 *(.data)
 .data          0x00800060        0x0 c:/winavr-20100110/bin/../lib/gcc/avr/4.3.3/../../../../avr/lib/avr5/crtm32.o
 .data          0x00800060        0x0 ./Services/TDelay/TDelay.o
 .data          0x00800060        0x0 ./MCAL/Timer/Timer.o
 .data          0x00800060        0x0 ./MCAL/Timer/Timer_Cfg.o
 .data          0x00800060        0x0 ./MCAL/PWM/PWM.o
 .data          0x00800060        0x0 ./MCAL/PWM/PWM_Cfg.o
 .data          0x00800060        0x0 ./MCAL/EX_INT/EXTINT.o
 .data          0x00800060        0x0 ./MCAL/EX_INT/EXTINT_Cfg.o
 .data          0x00800060        0x0 ./MCAL/DIO/DIO.o
 .data          0x00800060        0x0 ./MCAL/DIO/DIO_Cfg.o
 .data          0x00800060        0x0 ./ECUAL/Ultrasonic/Ultrasonic.o
 .data          0x00800060        0x0 ./ECUAL/Ultrasonic/Ultrasonic_Cfg.o
 .data          0x00800060        0x0 ./ECUAL/SW_ICU/SW_ICU.o
 .data          0x00800060        0x0 ./ECUAL/SW_ICU/SW_ICU_Cfg.o
 .data          0x00800060        0x0 ./ECUAL/LCD/LCD.o
 .data          0x00800060        0x0 ./ECUAL/LCD/LCD_Cfg.o
 .data          0x00800060        0x0 ./ECUAL/HBridge/HBridge.o
 .data          0x00800060        0x0 ./ECUAL/HBridge/HBridge_Cfg.o
 .data          0x00800060        0x0 ./APP/HBridgeControl/HBridgeControl.o
 .data          0x00800060        0x0 ./APP/GetDistance/GetDistance.o
 .data          0x00800060       0x15 ./APP/DisplayDistance/DisplayDistance.o
 .data          0x00800075        0x0 ./APP/CarControl/CarControl.o
 .data          0x00800075        0x0 ./main.o
 .data          0x00800075        0x0 c:/winavr-20100110/bin/../lib/gcc/avr/4.3.3/avr5\libgcc.a(_mulsi3.o)
 .data          0x00800075        0x0 c:/winavr-20100110/bin/../lib/gcc/avr/4.3.3/avr5\libgcc.a(_udivmodsi4.o)
 .data          0x00800075        0x0 c:/winavr-20100110/bin/../lib/gcc/avr/4.3.3/avr5\libgcc.a(_exit.o)
 .data          0x00800075        0x0 c:/winavr-20100110/bin/../lib/gcc/avr/4.3.3/avr5\libgcc.a(_copy_data.o)
 .data          0x00800075        0x0 c:/winavr-20100110/bin/../lib/gcc/avr/4.3.3/avr5\libgcc.a(_clear_bss.o)
 .data          0x00800075        0x0 c:/winavr-20100110/bin/../lib/gcc/avr/4.3.3/avr5\libgcc.a(_muldi3.o)
 .data          0x00800075        0x0 c:/winavr-20100110/bin/../lib/gcc/avr/4.3.3/avr5\libgcc.a(_ashldi3.o)
 .data          0x00800075        0x0 c:/winavr-20100110/bin/../lib/gcc/avr/4.3.3/avr5\libgcc.a(_udivdi3.o)
 .data          0x00800075        0x0 c:/winavr-20100110/bin/../lib/gcc/avr/4.3.3/avr5\libgcc.a(_prologue.o)
 .data          0x00800075        0x0 c:/winavr-20100110/bin/../lib/gcc/avr/4.3.3/avr5\libgcc.a(_epilogue.o)
 .data          0x00800075      0x100 c:/winavr-20100110/bin/../lib/gcc/avr/4.3.3/avr5\libgcc.a(_clz.o)
                0x00800075                __clz_tab
 .data          0x00800175        0x0 c:/winavr-20100110/bin/../lib/gcc/avr/4.3.3/../../../../avr/lib/avr5\libc.a(itoa.o)
 .data          0x00800175        0x0 c:/winavr-20100110/bin/../lib/gcc/avr/4.3.3/../../../../avr/lib/avr5\libc.a(strrev.o)
 .data          0x00800175        0x0 c:/winavr-20100110/bin/../lib/gcc/avr/4.3.3/avr5\libgcc.a(_udivmodhi4.o)
 *(.data*)
 .data.astrTimerConfigParameters
                0x00800175        0x8 ./MCAL/Timer/Timer_Cfg.o
                0x00800175                astrTimerConfigParameters
 .data.astrPWMConfigParameters
                0x0080017d        0x8 ./MCAL/PWM/PWM_Cfg.o
                0x0080017d                astrPWMConfigParameters
 .data.astrEXTINTConfigParameters
                0x00800185        0x4 ./MCAL/EX_INT/EXTINT_Cfg.o
                0x00800185                astrEXTINTConfigParameters
 .data.astrDIOConfigParameters
                0x00800189       0x27 ./MCAL/DIO/DIO_Cfg.o
                0x00800189                astrDIOConfigParameters
 .data.astrUltrasonicConfigParameters
                0x008001b0        0x3 ./ECUAL/Ultrasonic/Ultrasonic_Cfg.o
                0x008001b0                astrUltrasonicConfigParameters
 .data.astrSWICUConfigParameters
                0x008001b3        0x8 ./ECUAL/SW_ICU/SW_ICU_Cfg.o
                0x008001b3                astrSWICUConfigParameters
 .data.enuInitPreviousState
                0x008001bb        0x1 ./ECUAL/LCD/LCD.o
                0x008001bb                enuInitPreviousState
 .data.enuCommandPreviousState
                0x008001bc        0x1 ./ECUAL/LCD/LCD.o
                0x008001bc                enuCommandPreviousState
 .data.enuDataPreviousState
                0x008001bd        0x1 ./ECUAL/LCD/LCD.o
                0x008001bd                enuDataPreviousState
 .data.astrLCDConfigParameters
                0x008001be        0xd ./ECUAL/LCD/LCD_Cfg.o
                0x008001be                astrLCDConfigParameters
 .data.astrHBridgeConfigParameters
                0x008001cb        0x7 ./ECUAL/HBridge/HBridge_Cfg.o
                0x008001cb                astrHBridgeConfigParameters
 *(.rodata)
 *(.rodata*)
 .rodata.au8PortsBaseAddressLUT
                0x008001d2        0x4 ./MCAL/DIO/DIO.o
 *(.gnu.linkonce.d*)
                0x008001d6                . = ALIGN (0x2)
                0x008001d6                _edata = .
                0x008001d6                PROVIDE (__data_end, .)

.bss            0x008001d6       0x76
                0x008001d6                PROVIDE (__bss_start, .)
 *(.bss)
 .bss           0x008001d6        0x0 c:/winavr-20100110/bin/../lib/gcc/avr/4.3.3/../../../../avr/lib/avr5/crtm32.o
 .bss           0x008001d6        0x0 ./Services/TDelay/TDelay.o
 .bss           0x008001d6        0x0 ./MCAL/Timer/Timer.o
 .bss           0x008001d6        0x0 ./MCAL/Timer/Timer_Cfg.o
 .bss           0x008001d6        0x0 ./MCAL/PWM/PWM.o
 .bss           0x008001d6        0x0 ./MCAL/PWM/PWM_Cfg.o
 .bss           0x008001d6        0x0 ./MCAL/EX_INT/EXTINT.o
 .bss           0x008001d6        0x0 ./MCAL/EX_INT/EXTINT_Cfg.o
 .bss           0x008001d6        0x0 ./MCAL/DIO/DIO.o
 .bss           0x008001d6        0x0 ./MCAL/DIO/DIO_Cfg.o
 .bss           0x008001d6        0x0 ./ECUAL/Ultrasonic/Ultrasonic.o
 .bss           0x008001d6        0x0 ./ECUAL/Ultrasonic/Ultrasonic_Cfg.o
 .bss           0x008001d6        0x0 ./ECUAL/SW_ICU/SW_ICU.o
 .bss           0x008001d6        0x0 ./ECUAL/SW_ICU/SW_ICU_Cfg.o
 .bss           0x008001d6        0x0 ./ECUAL/LCD/LCD.o
 .bss           0x008001d6        0x0 ./ECUAL/LCD/LCD_Cfg.o
 .bss           0x008001d6        0x0 ./ECUAL/HBridge/HBridge.o
 .bss           0x008001d6        0x0 ./ECUAL/HBridge/HBridge_Cfg.o
 .bss           0x008001d6        0x0 ./APP/HBridgeControl/HBridgeControl.o
 .bss           0x008001d6        0x0 ./APP/GetDistance/GetDistance.o
 .bss           0x008001d6        0x0 ./APP/DisplayDistance/DisplayDistance.o
 .bss           0x008001d6        0x0 ./APP/CarControl/CarControl.o
 .bss           0x008001d6        0x0 ./main.o
 .bss           0x008001d6        0x0 c:/winavr-20100110/bin/../lib/gcc/avr/4.3.3/avr5\libgcc.a(_mulsi3.o)
 .bss           0x008001d6        0x0 c:/winavr-20100110/bin/../lib/gcc/avr/4.3.3/avr5\libgcc.a(_udivmodsi4.o)
 .bss           0x008001d6        0x0 c:/winavr-20100110/bin/../lib/gcc/avr/4.3.3/avr5\libgcc.a(_exit.o)
 .bss           0x008001d6        0x0 c:/winavr-20100110/bin/../lib/gcc/avr/4.3.3/avr5\libgcc.a(_copy_data.o)
 .bss           0x008001d6        0x0 c:/winavr-20100110/bin/../lib/gcc/avr/4.3.3/avr5\libgcc.a(_clear_bss.o)
 .bss           0x008001d6        0x0 c:/winavr-20100110/bin/../lib/gcc/avr/4.3.3/avr5\libgcc.a(_muldi3.o)
 .bss           0x008001d6        0x0 c:/winavr-20100110/bin/../lib/gcc/avr/4.3.3/avr5\libgcc.a(_ashldi3.o)
 .bss           0x008001d6        0x0 c:/winavr-20100110/bin/../lib/gcc/avr/4.3.3/avr5\libgcc.a(_udivdi3.o)
 .bss           0x008001d6        0x0 c:/winavr-20100110/bin/../lib/gcc/avr/4.3.3/avr5\libgcc.a(_prologue.o)
 .bss           0x008001d6        0x0 c:/winavr-20100110/bin/../lib/gcc/avr/4.3.3/avr5\libgcc.a(_epilogue.o)
 .bss           0x008001d6        0x0 c:/winavr-20100110/bin/../lib/gcc/avr/4.3.3/avr5\libgcc.a(_clz.o)
 .bss           0x008001d6        0x0 c:/winavr-20100110/bin/../lib/gcc/avr/4.3.3/../../../../avr/lib/avr5\libc.a(itoa.o)
 .bss           0x008001d6        0x0 c:/winavr-20100110/bin/../lib/gcc/avr/4.3.3/../../../../avr/lib/avr5\libc.a(strrev.o)
 .bss           0x008001d6        0x0 c:/winavr-20100110/bin/../lib/gcc/avr/4.3.3/avr5\libgcc.a(_udivmodhi4.o)
 *(.bss*)
 .bss.G_fptr    0x008001d6        0x2 ./MCAL/Timer/Timer.o
                0x008001d6                G_fptr
 .bss.Gu32_T0MaxOVCount
                0x008001d8        0x8 ./MCAL/Timer/Timer.o
                0x008001d8                Gu32_T0MaxOVCount
 .bss.Gu32_T0CurrentOVCount
                0x008001e0        0x8 ./MCAL/Timer/Timer.o
                0x008001e0                Gu32_T0CurrentOVCount
 .bss.Gu32_T0LastOVTicks
                0x008001e8        0x1 ./MCAL/Timer/Timer.o
                0x008001e8                Gu32_T0LastOVTicks
 .bss.Gu16_T0Prescaler
                0x008001e9        0x2 ./MCAL/Timer/Timer.o
                0x008001e9                Gu16_T0Prescaler
 .bss.G_fptr2   0x008001eb        0x2 ./MCAL/Timer/Timer.o
                0x008001eb                G_fptr2
 .bss.Gu32_T2MaxOVCount
                0x008001ed        0x8 ./MCAL/Timer/Timer.o
                0x008001ed                Gu32_T2MaxOVCount
 .bss.Gu32_T2CurrentOVCount
                0x008001f5        0x8 ./MCAL/Timer/Timer.o
                0x008001f5                Gu32_T2CurrentOVCount
 .bss.Gu32_T2LastOVTicks
                0x008001fd        0x1 ./MCAL/Timer/Timer.o
                0x008001fd                Gu32_T2LastOVTicks
 .bss.Gu16_T2Prescaler
                0x008001fe        0x2 ./MCAL/Timer/Timer.o
                0x008001fe                Gu16_T2Prescaler
 .bss.Timer1_OVF_Callback
                0x00800200        0x2 ./MCAL/Timer/Timer.o
                0x00800200                Timer1_OVF_Callback
 .bss.Timer1_OVF_Counter
                0x00800202        0x4 ./MCAL/Timer/Timer.o
                0x00800202                Timer1_OVF_Counter
 .bss.aenuPWMState
                0x00800206        0x4 ./MCAL/PWM/PWM.o
 .bss.aenuDIOState
                0x0080020a       0x1f ./MCAL/DIO/DIO.o
 .bss.Reading1  0x00800229        0x4 ./ECUAL/Ultrasonic/Ultrasonic.o
                0x00800229                Reading1
 .bss.Reading2  0x0080022d        0x4 ./ECUAL/Ultrasonic/Ultrasonic.o
                0x0080022d                Reading2
 .bss.Reading_Flag
                0x00800231        0x1 ./ECUAL/Ultrasonic/Ultrasonic.o
                0x00800231                Reading_Flag
 .bss.u8Flag.1497
                0x00800232        0x1 ./ECUAL/Ultrasonic/Ultrasonic.o
 .bss.enuInitCurrentState
                0x00800233        0x1 ./ECUAL/LCD/LCD.o
                0x00800233                enuInitCurrentState
 .bss.enuCommandCurrentState
                0x00800234        0x1 ./ECUAL/LCD/LCD.o
                0x00800234                enuCommandCurrentState
 .bss.enuDataCurrentState
                0x00800235        0x1 ./ECUAL/LCD/LCD.o
                0x00800235                enuDataCurrentState
 .bss.enuClearState
                0x00800236        0x1 ./ECUAL/LCD/LCD.o
                0x00800236                enuClearState
 .bss.u8LCDFlag
                0x00800237        0x1 ./ECUAL/LCD/LCD.o
 .bss.enuRetVar.1728
                0x00800238        0x1 ./ECUAL/LCD/LCD.o
 .bss.enuRetVar.1743
                0x00800239        0x1 ./ECUAL/LCD/LCD.o
 .bss.Flag.1693
                0x0080023a        0x1 ./ECUAL/LCD/LCD.o
 .bss.u8Address.1692
                0x0080023b        0x1 ./ECUAL/LCD/LCD.o
 .bss.u8I.1679  0x0080023c        0x1 ./ECUAL/LCD/LCD.o
 .bss.enuRetVar.1626
                0x0080023d        0x1 ./ECUAL/LCD/LCD.o
 .bss.enuRetVar.1556
                0x0080023e        0x1 ./ECUAL/LCD/LCD.o
 .bss.aenuHBridgeState
                0x0080023f        0x1 ./ECUAL/HBridge/HBridge.o
 .bss.gu8HBridgeMotorSpeed
                0x00800240        0x1 ./ECUAL/HBridge/HBridge.o
 .bss.genuLCDFlagStates
                0x00800241        0x1 ./APP/DisplayDistance/DisplayDistance.o
 *(COMMON)
 COMMON         0x00800242        0x6 ./MCAL/EX_INT/EXTINT.o
                0x00800242                pEXTINT1CallBack
                0x00800244                pEXTINT2CallBack
                0x00800246                pEXTINT0CallBack
 COMMON         0x00800248        0x1 ./ECUAL/Ultrasonic/Ultrasonic.o
                0x00800248                gu8GroupId
 COMMON         0x00800249        0x2 ./APP/HBridgeControl/HBridgeControl.o
                0x00800249                gu16Distance
 COMMON         0x0080024b        0x1 ./APP/DisplayDistance/DisplayDistance.o
                0x0080024b                gu8UltrasonicFlag
                0x0080024c                PROVIDE (__bss_end, .)
                0x00004040                __data_load_start = LOADADDR (.data)
                0x000041b6                __data_load_end = (__data_load_start + SIZEOF (.data))

.noinit         0x0080024c        0x0
                0x0080024c                PROVIDE (__noinit_start, .)
 *(.noinit*)
                0x0080024c                PROVIDE (__noinit_end, .)
                0x0080024c                _end = .
                0x0080024c                PROVIDE (__heap_start, .)

.eeprom         0x00810000        0x0
 *(.eeprom*)
                0x00810000                __eeprom_end = .

.fuse
 *(.fuse)
 *(.lfuse)
 *(.hfuse)
 *(.efuse)

.lock
 *(.lock*)

.signature
 *(.signature*)

.stab           0x00000000     0x5154
 *(.stab)
 .stab          0x00000000      0x384 ./Services/TDelay/TDelay.o
 .stab          0x00000384      0xe64 ./MCAL/Timer/Timer.o
                                0xf24 (size before relaxing)
 .stab          0x000011e8       0xfc ./MCAL/Timer/Timer_Cfg.o
                                0x27c (size before relaxing)
 .stab          0x000012e4      0x600 ./MCAL/PWM/PWM.o
                                0x6c0 (size before relaxing)
 .stab          0x000018e4       0xfc ./MCAL/PWM/PWM_Cfg.o
                                0x234 (size before relaxing)
 .stab          0x000019e0      0x510 ./MCAL/EX_INT/EXTINT.o
                                0x5d0 (size before relaxing)
 .stab          0x00001ef0       0xfc ./MCAL/EX_INT/EXTINT_Cfg.o
                                0x204 (size before relaxing)
 .stab          0x00001fec      0x3a8 ./MCAL/DIO/DIO.o
                                0x468 (size before relaxing)
 .stab          0x00002394       0xfc ./MCAL/DIO/DIO_Cfg.o
                                0x21c (size before relaxing)
 .stab          0x00002490      0x6a8 ./ECUAL/Ultrasonic/Ultrasonic.o
                                0x828 (size before relaxing)
 .stab          0x00002b38      0x12c ./ECUAL/Ultrasonic/Ultrasonic_Cfg.o
                                0x39c (size before relaxing)
 .stab          0x00002c64      0x33c ./ECUAL/SW_ICU/SW_ICU.o
                                0x564 (size before relaxing)
 .stab          0x00002fa0      0x120 ./ECUAL/SW_ICU/SW_ICU_Cfg.o
                                0x378 (size before relaxing)
 .stab          0x000030c0      0xc54 ./ECUAL/LCD/LCD.o
                                0xe34 (size before relaxing)
 .stab          0x00003d14      0x138 ./ECUAL/LCD/LCD_Cfg.o
                                0x3a8 (size before relaxing)
 .stab          0x00003e4c      0x5ac ./ECUAL/HBridge/HBridge.o
                                0x6cc (size before relaxing)
 .stab          0x000043f8      0x114 ./ECUAL/HBridge/HBridge_Cfg.o
                                0x2f4 (size before relaxing)
 .stab          0x0000450c      0x288 ./APP/HBridgeControl/HBridgeControl.o
                                0x420 (size before relaxing)
 .stab          0x00004794      0x204 ./APP/GetDistance/GetDistance.o
                                0x45c (size before relaxing)
 .stab          0x00004998      0x36c ./APP/DisplayDistance/DisplayDistance.o
                                0x63c (size before relaxing)
 .stab          0x00004d04      0x270 ./APP/CarControl/CarControl.o
                                0x630 (size before relaxing)
 .stab          0x00004f74      0x1e0 ./main.o
                                0x5b8 (size before relaxing)

.stabstr        0x00000000     0x463d
 *(.stabstr)
 .stabstr       0x00000000     0x463d ./Services/TDelay/TDelay.o

.stab.excl
 *(.stab.excl)

.stab.exclstr
 *(.stab.exclstr)

.stab.index
 *(.stab.index)

.stab.indexstr
 *(.stab.indexstr)

.comment
 *(.comment)

.debug
 *(.debug)

.line
 *(.line)

.debug_srcinfo
 *(.debug_srcinfo)

.debug_sfnames
 *(.debug_sfnames)

.debug_aranges  0x00000000       0x60
 *(.debug_aranges)
 .debug_aranges
                0x00000000       0x20 c:/winavr-20100110/bin/../lib/gcc/avr/4.3.3/avr5\libgcc.a(_muldi3.o)
 .debug_aranges
                0x00000020       0x20 c:/winavr-20100110/bin/../lib/gcc/avr/4.3.3/avr5\libgcc.a(_ashldi3.o)
 .debug_aranges
                0x00000040       0x20 c:/winavr-20100110/bin/../lib/gcc/avr/4.3.3/avr5\libgcc.a(_udivdi3.o)

.debug_pubnames
                0x00000000       0x7f
 *(.debug_pubnames)
 .debug_pubnames
                0x00000000       0x1f c:/winavr-20100110/bin/../lib/gcc/avr/4.3.3/avr5\libgcc.a(_muldi3.o)
 .debug_pubnames
                0x0000001f       0x20 c:/winavr-20100110/bin/../lib/gcc/avr/4.3.3/avr5\libgcc.a(_ashldi3.o)
 .debug_pubnames
                0x0000003f       0x20 c:/winavr-20100110/bin/../lib/gcc/avr/4.3.3/avr5\libgcc.a(_udivdi3.o)
 .debug_pubnames
                0x0000005f       0x20 c:/winavr-20100110/bin/../lib/gcc/avr/4.3.3/avr5\libgcc.a(_clz.o)

.debug_info     0x00000000      0xb4c
 *(.debug_info)
 .debug_info    0x00000000      0x206 c:/winavr-20100110/bin/../lib/gcc/avr/4.3.3/avr5\libgcc.a(_muldi3.o)
 .debug_info    0x00000206      0x17f c:/winavr-20100110/bin/../lib/gcc/avr/4.3.3/avr5\libgcc.a(_ashldi3.o)
 .debug_info    0x00000385      0x71e c:/winavr-20100110/bin/../lib/gcc/avr/4.3.3/avr5\libgcc.a(_udivdi3.o)
 .debug_info    0x00000aa3       0xa9 c:/winavr-20100110/bin/../lib/gcc/avr/4.3.3/avr5\libgcc.a(_clz.o)
 *(.gnu.linkonce.wi.*)

.debug_abbrev   0x00000000      0x3c9
 *(.debug_abbrev)
 .debug_abbrev  0x00000000       0xf0 c:/winavr-20100110/bin/../lib/gcc/avr/4.3.3/avr5\libgcc.a(_muldi3.o)
 .debug_abbrev  0x000000f0       0xee c:/winavr-20100110/bin/../lib/gcc/avr/4.3.3/avr5\libgcc.a(_ashldi3.o)
 .debug_abbrev  0x000001de      0x181 c:/winavr-20100110/bin/../lib/gcc/avr/4.3.3/avr5\libgcc.a(_udivdi3.o)
 .debug_abbrev  0x0000035f       0x6a c:/winavr-20100110/bin/../lib/gcc/avr/4.3.3/avr5\libgcc.a(_clz.o)

.debug_line     0x00000000      0x3da
 *(.debug_line)
 .debug_line    0x00000000       0xaf c:/winavr-20100110/bin/../lib/gcc/avr/4.3.3/avr5\libgcc.a(_muldi3.o)
 .debug_line    0x000000af       0xd7 c:/winavr-20100110/bin/../lib/gcc/avr/4.3.3/avr5\libgcc.a(_ashldi3.o)
 .debug_line    0x00000186      0x1d8 c:/winavr-20100110/bin/../lib/gcc/avr/4.3.3/avr5\libgcc.a(_udivdi3.o)
 .debug_line    0x0000035e       0x7c c:/winavr-20100110/bin/../lib/gcc/avr/4.3.3/avr5\libgcc.a(_clz.o)

.debug_frame    0x00000000       0x60
 *(.debug_frame)
 .debug_frame   0x00000000       0x20 c:/winavr-20100110/bin/../lib/gcc/avr/4.3.3/avr5\libgcc.a(_muldi3.o)
 .debug_frame   0x00000020       0x20 c:/winavr-20100110/bin/../lib/gcc/avr/4.3.3/avr5\libgcc.a(_ashldi3.o)
 .debug_frame   0x00000040       0x20 c:/winavr-20100110/bin/../lib/gcc/avr/4.3.3/avr5\libgcc.a(_udivdi3.o)

.debug_str      0x00000000      0x169
 *(.debug_str)
 .debug_str     0x00000000       0xf2 c:/winavr-20100110/bin/../lib/gcc/avr/4.3.3/avr5\libgcc.a(_muldi3.o)
                                0x13f (size before relaxing)
 .debug_str     0x000000f2       0x23 c:/winavr-20100110/bin/../lib/gcc/avr/4.3.3/avr5\libgcc.a(_ashldi3.o)
                                0x131 (size before relaxing)
 .debug_str     0x00000115       0x54 c:/winavr-20100110/bin/../lib/gcc/avr/4.3.3/avr5\libgcc.a(_udivdi3.o)
                                0x18a (size before relaxing)
 .debug_str     0x00000000       0xf4 c:/winavr-20100110/bin/../lib/gcc/avr/4.3.3/avr5\libgcc.a(_clz.o)

.debug_loc      0x00000000     0x1038
 *(.debug_loc)
 .debug_loc     0x00000000       0xcc c:/winavr-20100110/bin/../lib/gcc/avr/4.3.3/avr5\libgcc.a(_muldi3.o)
 .debug_loc     0x000000cc       0xf8 c:/winavr-20100110/bin/../lib/gcc/avr/4.3.3/avr5\libgcc.a(_ashldi3.o)
 .debug_loc     0x000001c4      0xe74 c:/winavr-20100110/bin/../lib/gcc/avr/4.3.3/avr5\libgcc.a(_udivdi3.o)

.debug_macinfo
 *(.debug_macinfo)
OUTPUT(AutoCar3.elf elf32-avr)
LOAD linker stubs

.debug_ranges   0x00000000       0x18
 .debug_ranges  0x00000000       0x18 c:/winavr-20100110/bin/../lib/gcc/avr/4.3.3/avr5\libgcc.a(_udivdi3.o)
