Archive member included because of file (symbol)

c:/winavr-20100110/bin/../lib/gcc/avr/4.3.3/avr5\libgcc.a(_mulsi3.o)
                              ./MCAL/PWM/PWM.o (__mulsi3)
c:/winavr-20100110/bin/../lib/gcc/avr/4.3.3/avr5\libgcc.a(_udivmodsi4.o)
                              ./MCAL/Timer/Timer.o (__udivmodsi4)
c:/winavr-20100110/bin/../lib/gcc/avr/4.3.3/avr5\libgcc.a(_exit.o)
                              c:/winavr-20100110/bin/../lib/gcc/avr/4.3.3/../../../../avr/lib/avr5/crtm32.o (exit)
c:/winavr-20100110/bin/../lib/gcc/avr/4.3.3/avr5\libgcc.a(_copy_data.o)
                              ./MCAL/DIO/DIO.o (__do_copy_data)
c:/winavr-20100110/bin/../lib/gcc/avr/4.3.3/avr5\libgcc.a(_clear_bss.o)
                              ./MCAL/Timer/Timer.o (__do_clear_bss)
c:/winavr-20100110/bin/../lib/gcc/avr/4.3.3/avr5\libgcc.a(_muldi3.o)
                              ./MCAL/Timer/Timer.o (__muldi3)
c:/winavr-20100110/bin/../lib/gcc/avr/4.3.3/avr5\libgcc.a(_ashldi3.o)
                              ./Services/TDelay/TDelay.o (__ashldi3)
c:/winavr-20100110/bin/../lib/gcc/avr/4.3.3/avr5\libgcc.a(_fixunssfsi.o)
                              ./ECUAL/Ultrasonic/Ultrasonic.o (__fixunssfsi)
c:/winavr-20100110/bin/../lib/gcc/avr/4.3.3/avr5\libgcc.a(_udivdi3.o)
                              ./MCAL/Timer/Timer.o (__udivdi3)
c:/winavr-20100110/bin/../lib/gcc/avr/4.3.3/avr5\libgcc.a(_addsub_sf.o)
                              c:/winavr-20100110/bin/../lib/gcc/avr/4.3.3/avr5\libgcc.a(_fixunssfsi.o) (__subsf3)
c:/winavr-20100110/bin/../lib/gcc/avr/4.3.3/avr5\libgcc.a(_mul_sf.o)
                              ./ECUAL/Ultrasonic/Ultrasonic.o (__mulsf3)
c:/winavr-20100110/bin/../lib/gcc/avr/4.3.3/avr5\libgcc.a(_div_sf.o)
                              ./ECUAL/Ultrasonic/Ultrasonic.o (__divsf3)
c:/winavr-20100110/bin/../lib/gcc/avr/4.3.3/avr5\libgcc.a(_gt_sf.o)
                              ./ECUAL/Ultrasonic/Ultrasonic.o (__gtsf2)
c:/winavr-20100110/bin/../lib/gcc/avr/4.3.3/avr5\libgcc.a(_ge_sf.o)
                              c:/winavr-20100110/bin/../lib/gcc/avr/4.3.3/avr5\libgcc.a(_fixunssfsi.o) (__gesf2)
c:/winavr-20100110/bin/../lib/gcc/avr/4.3.3/avr5\libgcc.a(_lt_sf.o)
                              ./ECUAL/Ultrasonic/Ultrasonic.o (__ltsf2)
c:/winavr-20100110/bin/../lib/gcc/avr/4.3.3/avr5\libgcc.a(_sf_to_si.o)
                              c:/winavr-20100110/bin/../lib/gcc/avr/4.3.3/avr5\libgcc.a(_fixunssfsi.o) (__fixsfsi)
c:/winavr-20100110/bin/../lib/gcc/avr/4.3.3/avr5\libgcc.a(_thenan_sf.o)
                              c:/winavr-20100110/bin/../lib/gcc/avr/4.3.3/avr5\libgcc.a(_addsub_sf.o) (__thenan_sf)
c:/winavr-20100110/bin/../lib/gcc/avr/4.3.3/avr5\libgcc.a(_prologue.o)
                              c:/winavr-20100110/bin/../lib/gcc/avr/4.3.3/avr5\libgcc.a(_muldi3.o) (__prologue_saves__)
c:/winavr-20100110/bin/../lib/gcc/avr/4.3.3/avr5\libgcc.a(_epilogue.o)
                              c:/winavr-20100110/bin/../lib/gcc/avr/4.3.3/avr5\libgcc.a(_muldi3.o) (__epilogue_restores__)
c:/winavr-20100110/bin/../lib/gcc/avr/4.3.3/avr5\libgcc.a(_clz.o)
                              c:/winavr-20100110/bin/../lib/gcc/avr/4.3.3/avr5\libgcc.a(_udivdi3.o) (__clz_tab)
c:/winavr-20100110/bin/../lib/gcc/avr/4.3.3/avr5\libgcc.a(_pack_sf.o)
                              c:/winavr-20100110/bin/../lib/gcc/avr/4.3.3/avr5\libgcc.a(_addsub_sf.o) (__pack_f)
c:/winavr-20100110/bin/../lib/gcc/avr/4.3.3/avr5\libgcc.a(_unpack_sf.o)
                              c:/winavr-20100110/bin/../lib/gcc/avr/4.3.3/avr5\libgcc.a(_addsub_sf.o) (__unpack_f)
c:/winavr-20100110/bin/../lib/gcc/avr/4.3.3/avr5\libgcc.a(_fpcmp_parts_sf.o)
                              c:/winavr-20100110/bin/../lib/gcc/avr/4.3.3/avr5\libgcc.a(_gt_sf.o) (__fpcmp_parts_f)
c:/winavr-20100110/bin/../lib/gcc/avr/4.3.3/../../../../avr/lib/avr5\libc.a(itoa.o)
                              ./ECUAL/LCD/LCD.o (itoa)
c:/winavr-20100110/bin/../lib/gcc/avr/4.3.3/../../../../avr/lib/avr5\libc.a(strrev.o)
                              c:/winavr-20100110/bin/../lib/gcc/avr/4.3.3/../../../../avr/lib/avr5\libc.a(itoa.o) (strrev)
c:/winavr-20100110/bin/../lib/gcc/avr/4.3.3/avr5\libgcc.a(_udivmodhi4.o)
                              c:/winavr-20100110/bin/../lib/gcc/avr/4.3.3/../../../../avr/lib/avr5\libc.a(itoa.o) (__udivmodhi4)

Allocating common symbols
Common symbol       size              file

gu8UltrasonicFlag   0x1               ./APP/DisplayDistance/DisplayDistance.o
pEXTINT1CallBack    0x2               ./MCAL/EX_INT/EXT_INT.o
pEXTINT2CallBack    0x2               ./MCAL/EX_INT/EXT_INT.o
pEXTINT0CallBack    0x2               ./MCAL/EX_INT/EXT_INT.o
gu16Distance        0x2               ./APP/HBridgeControl/HBridgeControl.o

Memory Configuration

Name             Origin             Length             Attributes
text             0x00000000         0x00020000         xr
data             0x00800060         0x0000ffa0         rw !x
eeprom           0x00810000         0x00010000         rw !x
fuse             0x00820000         0x00000400         rw !x
lock             0x00830000         0x00000400         rw !x
signature        0x00840000         0x00000400         rw !x
*default*        0x00000000         0xffffffff

Linker script and memory map

LOAD c:/winavr-20100110/bin/../lib/gcc/avr/4.3.3/../../../../avr/lib/avr5/crtm32.o
LOAD ./Services/TDelay/TDelay.o
LOAD ./MCAL/Timer/Timer.o
LOAD ./MCAL/PWM/PWM.o
LOAD ./MCAL/EX_INT/EXT_INT.o
LOAD ./MCAL/DIO/DIO.o
LOAD ./ECUAL/Ultrasonic/Ultrasonic.o
LOAD ./ECUAL/SW_ICU/SW_ICU.o
LOAD ./ECUAL/LCD/LCD.o
LOAD ./ECUAL/HBridge/HBridge.o
LOAD ./APP/HBridgeControl/HBridgeControl.o
LOAD ./APP/GetDistance/GetDistance.o
LOAD ./APP/DisplayDistance/DisplayDistance.o
LOAD ./APP/CarControl/CarControl.o
LOAD ./main.o
LOAD c:/winavr-20100110/bin/../lib/gcc/avr/4.3.3/avr5\libgcc.a
LOAD c:/winavr-20100110/bin/../lib/gcc/avr/4.3.3/../../../../avr/lib/avr5\libc.a
LOAD c:/winavr-20100110/bin/../lib/gcc/avr/4.3.3/avr5\libgcc.a

.hash
 *(.hash)

.dynsym
 *(.dynsym)

.dynstr
 *(.dynstr)

.gnu.version
 *(.gnu.version)

.gnu.version_d
 *(.gnu.version_d)

.gnu.version_r
 *(.gnu.version_r)

.rel.init
 *(.rel.init)

.rela.init
 *(.rela.init)

.rel.text
 *(.rel.text)
 *(.rel.text.*)
 *(.rel.gnu.linkonce.t*)

.rela.text
 *(.rela.text)
 *(.rela.text.*)
 *(.rela.gnu.linkonce.t*)

.rel.fini
 *(.rel.fini)

.rela.fini
 *(.rela.fini)

.rel.rodata
 *(.rel.rodata)
 *(.rel.rodata.*)
 *(.rel.gnu.linkonce.r*)

.rela.rodata
 *(.rela.rodata)
 *(.rela.rodata.*)
 *(.rela.gnu.linkonce.r*)

.rel.data
 *(.rel.data)
 *(.rel.data.*)
 *(.rel.gnu.linkonce.d*)

.rela.data
 *(.rela.data)
 *(.rela.data.*)
 *(.rela.gnu.linkonce.d*)

.rel.ctors
 *(.rel.ctors)

.rela.ctors
 *(.rela.ctors)

.rel.dtors
 *(.rel.dtors)

.rela.dtors
 *(.rela.dtors)

.rel.got
 *(.rel.got)

.rela.got
 *(.rela.got)

.rel.bss
 *(.rel.bss)

.rela.bss
 *(.rela.bss)

.rel.plt
 *(.rel.plt)

.rela.plt
 *(.rela.plt)

.text           0x00000000     0x7e48
 *(.vectors)
 .vectors       0x00000000       0x54 c:/winavr-20100110/bin/../lib/gcc/avr/4.3.3/../../../../avr/lib/avr5/crtm32.o
                0x00000000                __vectors
                0x00000000                __vector_default
 *(.vectors)
 *(.progmem.gcc*)
 *(.progmem*)
                0x00000054                . = ALIGN (0x2)
                0x00000054                __trampolines_start = .
 *(.trampolines)
 .trampolines   0x00000054        0x0 linker stubs
 *(.trampolines*)
                0x00000054                __trampolines_end = .
 *(.jumptables)
 *(.jumptables*)
 *(.lowtext)
 *(.lowtext*)
                0x00000054                __ctors_start = .
 *(.ctors)
                0x00000054                __ctors_end = .
                0x00000054                __dtors_start = .
 *(.dtors)
                0x00000054                __dtors_end = .
 SORT(*)(.ctors)
 SORT(*)(.dtors)
 *(.init0)
 .init0         0x00000054        0x0 c:/winavr-20100110/bin/../lib/gcc/avr/4.3.3/../../../../avr/lib/avr5/crtm32.o
                0x00000054                __init
 *(.init0)
 *(.init1)
 *(.init1)
 *(.init2)
 .init2         0x00000054        0xc c:/winavr-20100110/bin/../lib/gcc/avr/4.3.3/../../../../avr/lib/avr5/crtm32.o
 *(.init2)
 *(.init3)
 *(.init3)
 *(.init4)
 .init4         0x00000060       0x16 c:/winavr-20100110/bin/../lib/gcc/avr/4.3.3/avr5\libgcc.a(_copy_data.o)
                0x00000060                __do_copy_data
 .init4         0x00000076       0x10 c:/winavr-20100110/bin/../lib/gcc/avr/4.3.3/avr5\libgcc.a(_clear_bss.o)
                0x00000076                __do_clear_bss
 *(.init4)
 *(.init5)
 *(.init5)
 *(.init6)
 *(.init6)
 *(.init7)
 *(.init7)
 *(.init8)
 *(.init8)
 *(.init9)
 .init9         0x00000086        0x8 c:/winavr-20100110/bin/../lib/gcc/avr/4.3.3/../../../../avr/lib/avr5/crtm32.o
 *(.init9)
 *(.text)
 .text          0x0000008e        0x4 c:/winavr-20100110/bin/../lib/gcc/avr/4.3.3/../../../../avr/lib/avr5/crtm32.o
                0x0000008e                __vector_12
                0x0000008e                __bad_interrupt
                0x0000008e                __vector_6
                0x0000008e                __vector_13
                0x0000008e                __vector_17
                0x0000008e                __vector_19
                0x0000008e                __vector_7
                0x0000008e                __vector_4
                0x0000008e                __vector_15
                0x0000008e                __vector_8
                0x0000008e                __vector_14
                0x0000008e                __vector_10
                0x0000008e                __vector_16
                0x0000008e                __vector_18
                0x0000008e                __vector_20
 .text          0x00000092        0x0 ./Services/TDelay/TDelay.o
 .text          0x00000092        0x0 ./MCAL/Timer/Timer.o
 .text          0x00000092        0x0 ./MCAL/PWM/PWM.o
 .text          0x00000092        0x0 ./MCAL/EX_INT/EXT_INT.o
 .text          0x00000092        0x0 ./MCAL/DIO/DIO.o
 .text          0x00000092        0x0 ./ECUAL/Ultrasonic/Ultrasonic.o
 .text          0x00000092        0x0 ./ECUAL/SW_ICU/SW_ICU.o
 .text          0x00000092        0x0 ./ECUAL/LCD/LCD.o
 .text          0x00000092        0x0 ./ECUAL/HBridge/HBridge.o
 .text          0x00000092        0x0 ./APP/HBridgeControl/HBridgeControl.o
 .text          0x00000092        0x0 ./APP/GetDistance/GetDistance.o
 .text          0x00000092        0x0 ./APP/DisplayDistance/DisplayDistance.o
 .text          0x00000092        0x0 ./APP/CarControl/CarControl.o
 .text          0x00000092        0x0 ./main.o
 .text          0x00000092        0x0 c:/winavr-20100110/bin/../lib/gcc/avr/4.3.3/avr5\libgcc.a(_mulsi3.o)
 .text          0x00000092        0x0 c:/winavr-20100110/bin/../lib/gcc/avr/4.3.3/avr5\libgcc.a(_udivmodsi4.o)
 .text          0x00000092        0x0 c:/winavr-20100110/bin/../lib/gcc/avr/4.3.3/avr5\libgcc.a(_exit.o)
 .text          0x00000092        0x0 c:/winavr-20100110/bin/../lib/gcc/avr/4.3.3/avr5\libgcc.a(_copy_data.o)
 .text          0x00000092        0x0 c:/winavr-20100110/bin/../lib/gcc/avr/4.3.3/avr5\libgcc.a(_clear_bss.o)
 .text          0x00000092      0x1f6 c:/winavr-20100110/bin/../lib/gcc/avr/4.3.3/avr5\libgcc.a(_muldi3.o)
                0x00000092                __muldi3
 .text          0x00000288       0xfe c:/winavr-20100110/bin/../lib/gcc/avr/4.3.3/avr5\libgcc.a(_ashldi3.o)
                0x00000288                __ashldi3
 .text          0x00000386       0x58 c:/winavr-20100110/bin/../lib/gcc/avr/4.3.3/avr5\libgcc.a(_fixunssfsi.o)
                0x00000386                __fixunssfsi
 .text          0x000003de      0xcea c:/winavr-20100110/bin/../lib/gcc/avr/4.3.3/avr5\libgcc.a(_udivdi3.o)
                0x000003de                __udivdi3
 .text          0x000010c8      0x354 c:/winavr-20100110/bin/../lib/gcc/avr/4.3.3/avr5\libgcc.a(_addsub_sf.o)
                0x00001360                __subsf3
                0x000013c2                __addsf3
 .text          0x0000141c      0x1f4 c:/winavr-20100110/bin/../lib/gcc/avr/4.3.3/avr5\libgcc.a(_mul_sf.o)
                0x0000141c                __mulsf3
 .text          0x00001610      0x158 c:/winavr-20100110/bin/../lib/gcc/avr/4.3.3/avr5\libgcc.a(_div_sf.o)
                0x00001610                __divsf3
 .text          0x00001768       0x60 c:/winavr-20100110/bin/../lib/gcc/avr/4.3.3/avr5\libgcc.a(_gt_sf.o)
                0x00001768                __gtsf2
 .text          0x000017c8       0x60 c:/winavr-20100110/bin/../lib/gcc/avr/4.3.3/avr5\libgcc.a(_ge_sf.o)
                0x000017c8                __gesf2
 .text          0x00001828       0x60 c:/winavr-20100110/bin/../lib/gcc/avr/4.3.3/avr5\libgcc.a(_lt_sf.o)
                0x00001828                __ltsf2
 .text          0x00001888       0xa8 c:/winavr-20100110/bin/../lib/gcc/avr/4.3.3/avr5\libgcc.a(_sf_to_si.o)
                0x00001888                __fixsfsi
 .text          0x00001930        0x0 c:/winavr-20100110/bin/../lib/gcc/avr/4.3.3/avr5\libgcc.a(_thenan_sf.o)
 .text          0x00001930        0x0 c:/winavr-20100110/bin/../lib/gcc/avr/4.3.3/avr5\libgcc.a(_prologue.o)
 .text          0x00001930        0x0 c:/winavr-20100110/bin/../lib/gcc/avr/4.3.3/avr5\libgcc.a(_epilogue.o)
 .text          0x00001930        0x0 c:/winavr-20100110/bin/../lib/gcc/avr/4.3.3/avr5\libgcc.a(_clz.o)
 .text          0x00001930      0x1aa c:/winavr-20100110/bin/../lib/gcc/avr/4.3.3/avr5\libgcc.a(_pack_sf.o)
                0x00001930                __pack_f
 .text          0x00001ada       0xf0 c:/winavr-20100110/bin/../lib/gcc/avr/4.3.3/avr5\libgcc.a(_unpack_sf.o)
                0x00001ada                __unpack_f
 .text          0x00001bca       0xb2 c:/winavr-20100110/bin/../lib/gcc/avr/4.3.3/avr5\libgcc.a(_fpcmp_parts_sf.o)
                0x00001bca                __fpcmp_parts_f
 .text          0x00001c7c        0x0 c:/winavr-20100110/bin/../lib/gcc/avr/4.3.3/../../../../avr/lib/avr5\libc.a(itoa.o)
 .text          0x00001c7c        0x0 c:/winavr-20100110/bin/../lib/gcc/avr/4.3.3/../../../../avr/lib/avr5\libc.a(strrev.o)
 .text          0x00001c7c        0x0 c:/winavr-20100110/bin/../lib/gcc/avr/4.3.3/avr5\libgcc.a(_udivmodhi4.o)
                0x00001c7c                . = ALIGN (0x2)
 *(.text.*)
 .text.TDelay_ms
                0x00001c7c      0x678 ./Services/TDelay/TDelay.o
                0x00001c7c                TDelay_ms
 .text.TDelay_us
                0x000022f4       0xd6 ./Services/TDelay/TDelay.o
                0x000022f4                TDelay_us
 .text.T0_Init  0x000023ca      0x1a8 ./MCAL/Timer/Timer.o
                0x000023ca                T0_Init
 .text.T0_OC0Mode
                0x00002572       0xdc ./MCAL/Timer/Timer.o
                0x00002572                T0_OC0Mode
 .text.T0_OV_InterruptEnable
                0x0000264e       0x1e ./MCAL/Timer/Timer.o
                0x0000264e                T0_OV_InterruptEnable
 .text.T0_OV_InterruptDisable
                0x0000266c       0x1e ./MCAL/Timer/Timer.o
                0x0000266c                T0_OV_InterruptDisable
 .text.T0_OC_InterruptEnable
                0x0000268a       0x1e ./MCAL/Timer/Timer.o
                0x0000268a                T0_OC_InterruptEnable
 .text.T0_OC_InterruptDisable
                0x000026a8       0x1e ./MCAL/Timer/Timer.o
                0x000026a8                T0_OC_InterruptDisable
 .text.T0_Start
                0x000026c6      0x52a ./MCAL/Timer/Timer.o
                0x000026c6                T0_Start
 .text.T0_Stop  0x00002bf0       0x72 ./MCAL/Timer/Timer.o
                0x00002bf0                T0_Stop
 .text.T0_GetStatus
                0x00002c62      0x934 ./MCAL/Timer/Timer.o
                0x00002c62                T0_GetStatus
 .text.__vector_11
                0x00003596      0x934 ./MCAL/Timer/Timer.o
                0x00003596                __vector_11
 .text.Timer1_Init
                0x00003eca       0xc2 ./MCAL/Timer/Timer.o
                0x00003eca                Timer1_Init
 .text.Timer1_OCRA1Mode
                0x00003f8c       0xdc ./MCAL/Timer/Timer.o
                0x00003f8c                Timer1_OCRA1Mode
 .text.Timer1_OCRB1Mode
                0x00004068       0xdc ./MCAL/Timer/Timer.o
                0x00004068                Timer1_OCRB1Mode
 .text.Timer1_OVF_InterruptEnable
                0x00004144       0x1e ./MCAL/Timer/Timer.o
                0x00004144                Timer1_OVF_InterruptEnable
 .text.Timer1_OVF_InterruptDisable
                0x00004162       0x1e ./MCAL/Timer/Timer.o
                0x00004162                Timer1_OVF_InterruptDisable
 .text.Timer1_OCA_InterruptEnable
                0x00004180       0x1e ./MCAL/Timer/Timer.o
                0x00004180                Timer1_OCA_InterruptEnable
 .text.Timer1_OCA_InterruptDisable
                0x0000419e       0x1e ./MCAL/Timer/Timer.o
                0x0000419e                Timer1_OCA_InterruptDisable
 .text.Timer1_OCB_InterruptEnable
                0x000041bc       0x1e ./MCAL/Timer/Timer.o
                0x000041bc                Timer1_OCB_InterruptEnable
 .text.Timer1_OCB_InterruptDisable
                0x000041da       0x1e ./MCAL/Timer/Timer.o
                0x000041da                Timer1_OCB_InterruptDisable
 .text.Timer1_OVF_SetCallback
                0x000041f8       0x3a ./MCAL/Timer/Timer.o
                0x000041f8                Timer1_OVF_SetCallback
 .text.Timer1_GetOVFCount
                0x00004232       0x4a ./MCAL/Timer/Timer.o
                0x00004232                Timer1_GetOVFCount
 .text.Timer1_ResetOVFCount
                0x0000427c       0x20 ./MCAL/Timer/Timer.o
                0x0000427c                Timer1_ResetOVFCount
 .text.__vector_9
                0x0000429c       0x8c ./MCAL/Timer/Timer.o
                0x0000429c                __vector_9
 .text.T2_Init  0x00004328      0x1a8 ./MCAL/Timer/Timer.o
                0x00004328                T2_Init
 .text.T2_OC2Mode
                0x000044d0       0xdc ./MCAL/Timer/Timer.o
                0x000044d0                T2_OC2Mode
 .text.T2_OV_InterruptEnable
                0x000045ac       0x1e ./MCAL/Timer/Timer.o
                0x000045ac                T2_OV_InterruptEnable
 .text.T2_OV_InterruptDisable
                0x000045ca       0x1e ./MCAL/Timer/Timer.o
                0x000045ca                T2_OV_InterruptDisable
 .text.T2_OC_InterruptEnable
                0x000045e8       0x1e ./MCAL/Timer/Timer.o
                0x000045e8                T2_OC_InterruptEnable
 .text.T2_OC_InterruptDisable
                0x00004606       0x1e ./MCAL/Timer/Timer.o
                0x00004606                T2_OC_InterruptDisable
 .text.T2_Start
                0x00004624      0x53a ./MCAL/Timer/Timer.o
                0x00004624                T2_Start
 .text.T2_Stop  0x00004b5e       0x72 ./MCAL/Timer/Timer.o
                0x00004b5e                T2_Stop
 .text.T2_GetStatus
                0x00004bd0      0x944 ./MCAL/Timer/Timer.o
                0x00004bd0                T2_GetStatus
 .text.__vector_5
                0x00005514      0x934 ./MCAL/Timer/Timer.o
                0x00005514                __vector_5
 .text.PWM_Init
                0x00005e48      0x162 ./MCAL/PWM/PWM.o
                0x00005e48                PWM_Init
 .text.PWM_Start
                0x00005faa       0x94 ./MCAL/PWM/PWM.o
                0x00005faa                PWM_Start
 .text.PWM_Stop
                0x0000603e       0x96 ./MCAL/PWM/PWM.o
                0x0000603e                PWM_Stop
 .text.EXTINT_Init
                0x000060d4       0x86 ./MCAL/EX_INT/EXT_INT.o
                0x000060d4                EXTINT_Init
 .text.EXTINT_SetSenseMode
                0x0000615a      0x1f4 ./MCAL/EX_INT/EXT_INT.o
                0x0000615a                EXTINT_SetSenseMode
 .text.EXTINT_SetCallBack
                0x0000634e       0x5a ./MCAL/EX_INT/EXT_INT.o
                0x0000634e                EXTINT_SetCallBack
 .text.__vector_1
                0x000063a8       0x5a ./MCAL/EX_INT/EXT_INT.o
                0x000063a8                __vector_1
 .text.__vector_2
                0x00006402       0x5a ./MCAL/EX_INT/EXT_INT.o
                0x00006402                __vector_2
 .text.__vector_3
                0x0000645c       0x5a ./MCAL/EX_INT/EXT_INT.o
                0x0000645c                __vector_3
 .text.DIO_PinInit
                0x000064b6      0x146 ./MCAL/DIO/DIO.o
                0x000064b6                DIO_PinInit
 .text.DIO_PortInit
                0x000065fc       0x72 ./MCAL/DIO/DIO.o
                0x000065fc                DIO_PortInit
 .text.DIO_PinWrite
                0x0000666e       0xb2 ./MCAL/DIO/DIO.o
                0x0000666e                DIO_PinWrite
 .text.DIO_PortWrite
                0x00006720       0x50 ./MCAL/DIO/DIO.o
                0x00006720                DIO_PortWrite
 .text.DIO_PinRead
                0x00006770       0x9c ./MCAL/DIO/DIO.o
                0x00006770                DIO_PinRead
 .text.DIO_PortRead
                0x0000680c       0x5a ./MCAL/DIO/DIO.o
                0x0000680c                DIO_PortRead
 .text.DIO_PinToggle
                0x00006866      0x112 ./MCAL/DIO/DIO.o
                0x00006866                DIO_PinToggle
 .text.DIO_PortToggle
                0x00006978       0x6a ./MCAL/DIO/DIO.o
                0x00006978                DIO_PortToggle
 .text.Get_Readings
                0x000069e2       0x62 ./ECUAL/Ultrasonic/Ultrasonic.o
 .text.Ultrasonic_Init
                0x00006a44       0x30 ./ECUAL/Ultrasonic/Ultrasonic.o
                0x00006a44                Ultrasonic_Init
 .text.Ultrasonic_Trigger
                0x00006a74      0x1c4 ./ECUAL/Ultrasonic/Ultrasonic.o
                0x00006a74                Ultrasonic_Trigger
 .text.Ultrasonic_GetDistance
                0x00006c38       0x8a ./ECUAL/Ultrasonic/Ultrasonic.o
                0x00006c38                Ultrasonic_GetDistance
 .text.Ultrasonic_GetReading_Polling
                0x00006cc2      0x22c ./ECUAL/Ultrasonic/Ultrasonic.o
                0x00006cc2                Ultrasonic_GetReading_Polling
 .text.SW_ICU_Init
                0x00006eee       0x42 ./ECUAL/SW_ICU/SW_ICU.o
                0x00006eee                SW_ICU_Init
 .text.SW_ICU_SetEdge
                0x00006f30       0x1e ./ECUAL/SW_ICU/SW_ICU.o
                0x00006f30                SW_ICU_SetEdge
 .text.SW_ICU_Reset_Reading
                0x00006f4e       0x14 ./ECUAL/SW_ICU/SW_ICU.o
                0x00006f4e                SW_ICU_Reset_Reading
 .text.SW_ICU_GetReading
                0x00006f62       0xa2 ./ECUAL/SW_ICU/SW_ICU.o
                0x00006f62                SW_ICU_GetReading
 .text.SW_ICU_SetCallback
                0x00007004       0x38 ./ECUAL/SW_ICU/SW_ICU.o
                0x00007004                SW_ICU_SetCallback
 .text.LCD_Callback
                0x0000703c       0x60 ./ECUAL/LCD/LCD.o
 .text.LCD_Init
                0x0000709c      0x20a ./ECUAL/LCD/LCD.o
                0x0000709c                LCD_Init
 .text.LCD_sendCommand
                0x000072a6      0x1be ./ECUAL/LCD/LCD.o
 .text.LCD_displayCharacter
                0x00007464      0x1be ./ECUAL/LCD/LCD.o
                0x00007464                LCD_displayCharacter
 .text.LCD_displayString
                0x00007622       0x74 ./ECUAL/LCD/LCD.o
                0x00007622                LCD_displayString
 .text.LCD_goToRowColumn
                0x00007696       0xba ./ECUAL/LCD/LCD.o
                0x00007696                LCD_goToRowColumn
 .text.LCD_displayStringRowColumn
                0x00007750       0x32 ./ECUAL/LCD/LCD.o
                0x00007750                LCD_displayStringRowColumn
 .text.LCD_intgerToString
                0x00007782       0x46 ./ECUAL/LCD/LCD.o
                0x00007782                LCD_intgerToString
 .text.LCD_clearScreen
                0x000077c8       0x86 ./ECUAL/LCD/LCD.o
                0x000077c8                LCD_clearScreen
 .text.HBridge_Init
                0x0000784e       0x8e ./ECUAL/HBridge/HBridge.o
                0x0000784e                HBridge_Init
 .text.HBridge_SetSpeed
                0x000078dc       0x34 ./ECUAL/HBridge/HBridge.o
                0x000078dc                HBridge_SetSpeed
 .text.HBridge_SetDirection
                0x00007910       0xca ./ECUAL/HBridge/HBridge.o
                0x00007910                HBridge_SetDirection
 .text.HBridge_Start
                0x000079da       0x2c ./ECUAL/HBridge/HBridge.o
                0x000079da                HBridge_Start
 .text.HBridge_Stop
                0x00007a06       0x28 ./ECUAL/HBridge/HBridge.o
                0x00007a06                HBridge_Stop
 .text.HBridgeControl_Init
                0x00007a2e       0x3a ./APP/HBridgeControl/HBridgeControl.o
                0x00007a2e                HBridgeControl_Init
 .text.HBridgeControl_Update
                0x00007a68       0x6c ./APP/HBridgeControl/HBridgeControl.o
                0x00007a68                HBridgeControl_Update
 .text.GetDistance_Init
                0x00007ad4       0x1e ./APP/GetDistance/GetDistance.o
                0x00007ad4                GetDistance_Init
 .text.GetDistance_Update
                0x00007af2       0x34 ./APP/GetDistance/GetDistance.o
                0x00007af2                GetDistance_Update
 .text.DisplayDistance_Init
                0x00007b26       0x8c ./APP/DisplayDistance/DisplayDistance.o
                0x00007b26                DisplayDistance_Init
 .text.DisplayDistance_Update
                0x00007bb2       0xa2 ./APP/DisplayDistance/DisplayDistance.o
                0x00007bb2                DisplayDistance_Update
 .text.CarControl_Init
                0x00007c54       0x2c ./APP/CarControl/CarControl.o
                0x00007c54                CarControl_Init
 .text.CarControl_Update
                0x00007c80       0x38 ./APP/CarControl/CarControl.o
                0x00007c80                CarControl_Update
 .text.main     0x00007cb8       0x12 ./main.o
                0x00007cb8                main
 .text.libgcc   0x00007cca       0x3e c:/winavr-20100110/bin/../lib/gcc/avr/4.3.3/avr5\libgcc.a(_mulsi3.o)
                0x00007cca                __mulsi3
 .text.libgcc   0x00007d08       0x44 c:/winavr-20100110/bin/../lib/gcc/avr/4.3.3/avr5\libgcc.a(_udivmodsi4.o)
                0x00007d08                __udivmodsi4
 .text.libgcc   0x00007d4c        0x0 c:/winavr-20100110/bin/../lib/gcc/avr/4.3.3/avr5\libgcc.a(_exit.o)
 .text.libgcc   0x00007d4c        0x0 c:/winavr-20100110/bin/../lib/gcc/avr/4.3.3/avr5\libgcc.a(_copy_data.o)
 .text.libgcc   0x00007d4c        0x0 c:/winavr-20100110/bin/../lib/gcc/avr/4.3.3/avr5\libgcc.a(_clear_bss.o)
 .text.libgcc   0x00007d4c       0x38 c:/winavr-20100110/bin/../lib/gcc/avr/4.3.3/avr5\libgcc.a(_prologue.o)
                0x00007d4c                __prologue_saves__
 .text.libgcc   0x00007d84       0x36 c:/winavr-20100110/bin/../lib/gcc/avr/4.3.3/avr5\libgcc.a(_epilogue.o)
                0x00007d84                __epilogue_restores__
 .text.avr-libc
                0x00007dba       0x42 c:/winavr-20100110/bin/../lib/gcc/avr/4.3.3/../../../../avr/lib/avr5\libc.a(itoa.o)
                0x00007dba                itoa
 .text.avr-libc
                0x00007dfc       0x20 c:/winavr-20100110/bin/../lib/gcc/avr/4.3.3/../../../../avr/lib/avr5\libc.a(strrev.o)
                0x00007dfc                strrev
 .text.libgcc   0x00007e1c       0x28 c:/winavr-20100110/bin/../lib/gcc/avr/4.3.3/avr5\libgcc.a(_udivmodhi4.o)
                0x00007e1c                __udivmodhi4
                0x00007e44                . = ALIGN (0x2)
 *(.fini9)
 .fini9         0x00007e44        0x0 c:/winavr-20100110/bin/../lib/gcc/avr/4.3.3/avr5\libgcc.a(_exit.o)
                0x00007e44                exit
                0x00007e44                _exit
 *(.fini9)
 *(.fini8)
 *(.fini8)
 *(.fini7)
 *(.fini7)
 *(.fini6)
 *(.fini6)
 *(.fini5)
 *(.fini5)
 *(.fini4)
 *(.fini4)
 *(.fini3)
 *(.fini3)
 *(.fini2)
 *(.fini2)
 *(.fini1)
 *(.fini1)
 *(.fini0)
 .fini0         0x00007e44        0x4 c:/winavr-20100110/bin/../lib/gcc/avr/4.3.3/avr5\libgcc.a(_exit.o)
 *(.fini0)
                0x00007e48                _etext = .

.data           0x00800060      0x124 load address 0x00007e48
                0x00800060                PROVIDE (__data_start, .)
 *(.data)
 .data          0x00800060        0x0 c:/winavr-20100110/bin/../lib/gcc/avr/4.3.3/../../../../avr/lib/avr5/crtm32.o
 .data          0x00800060        0x0 ./Services/TDelay/TDelay.o
 .data          0x00800060        0x0 ./MCAL/Timer/Timer.o
 .data          0x00800060        0x0 ./MCAL/PWM/PWM.o
 .data          0x00800060        0x0 ./MCAL/EX_INT/EXT_INT.o
 .data          0x00800060        0x0 ./MCAL/DIO/DIO.o
 .data          0x00800060        0x0 ./ECUAL/Ultrasonic/Ultrasonic.o
 .data          0x00800060        0x0 ./ECUAL/SW_ICU/SW_ICU.o
 .data          0x00800060        0x0 ./ECUAL/LCD/LCD.o
 .data          0x00800060        0x0 ./ECUAL/HBridge/HBridge.o
 .data          0x00800060        0x0 ./APP/HBridgeControl/HBridgeControl.o
 .data          0x00800060        0x0 ./APP/GetDistance/GetDistance.o
 .data          0x00800060       0x15 ./APP/DisplayDistance/DisplayDistance.o
 .data          0x00800075        0x0 ./APP/CarControl/CarControl.o
 .data          0x00800075        0x0 ./main.o
 .data          0x00800075        0x0 c:/winavr-20100110/bin/../lib/gcc/avr/4.3.3/avr5\libgcc.a(_mulsi3.o)
 .data          0x00800075        0x0 c:/winavr-20100110/bin/../lib/gcc/avr/4.3.3/avr5\libgcc.a(_udivmodsi4.o)
 .data          0x00800075        0x0 c:/winavr-20100110/bin/../lib/gcc/avr/4.3.3/avr5\libgcc.a(_exit.o)
 .data          0x00800075        0x0 c:/winavr-20100110/bin/../lib/gcc/avr/4.3.3/avr5\libgcc.a(_copy_data.o)
 .data          0x00800075        0x0 c:/winavr-20100110/bin/../lib/gcc/avr/4.3.3/avr5\libgcc.a(_clear_bss.o)
 .data          0x00800075        0x0 c:/winavr-20100110/bin/../lib/gcc/avr/4.3.3/avr5\libgcc.a(_muldi3.o)
 .data          0x00800075        0x0 c:/winavr-20100110/bin/../lib/gcc/avr/4.3.3/avr5\libgcc.a(_ashldi3.o)
 .data          0x00800075        0x0 c:/winavr-20100110/bin/../lib/gcc/avr/4.3.3/avr5\libgcc.a(_fixunssfsi.o)
 .data          0x00800075        0x0 c:/winavr-20100110/bin/../lib/gcc/avr/4.3.3/avr5\libgcc.a(_udivdi3.o)
 .data          0x00800075        0x0 c:/winavr-20100110/bin/../lib/gcc/avr/4.3.3/avr5\libgcc.a(_addsub_sf.o)
 .data          0x00800075        0x0 c:/winavr-20100110/bin/../lib/gcc/avr/4.3.3/avr5\libgcc.a(_mul_sf.o)
 .data          0x00800075        0x0 c:/winavr-20100110/bin/../lib/gcc/avr/4.3.3/avr5\libgcc.a(_div_sf.o)
 .data          0x00800075        0x0 c:/winavr-20100110/bin/../lib/gcc/avr/4.3.3/avr5\libgcc.a(_gt_sf.o)
 .data          0x00800075        0x0 c:/winavr-20100110/bin/../lib/gcc/avr/4.3.3/avr5\libgcc.a(_ge_sf.o)
 .data          0x00800075        0x0 c:/winavr-20100110/bin/../lib/gcc/avr/4.3.3/avr5\libgcc.a(_lt_sf.o)
 .data          0x00800075        0x0 c:/winavr-20100110/bin/../lib/gcc/avr/4.3.3/avr5\libgcc.a(_sf_to_si.o)
 .data          0x00800075        0x8 c:/winavr-20100110/bin/../lib/gcc/avr/4.3.3/avr5\libgcc.a(_thenan_sf.o)
                0x00800075                __thenan_sf
 .data          0x0080007d        0x0 c:/winavr-20100110/bin/../lib/gcc/avr/4.3.3/avr5\libgcc.a(_prologue.o)
 .data          0x0080007d        0x0 c:/winavr-20100110/bin/../lib/gcc/avr/4.3.3/avr5\libgcc.a(_epilogue.o)
 .data          0x0080007d      0x100 c:/winavr-20100110/bin/../lib/gcc/avr/4.3.3/avr5\libgcc.a(_clz.o)
                0x0080007d                __clz_tab
 .data          0x0080017d        0x0 c:/winavr-20100110/bin/../lib/gcc/avr/4.3.3/avr5\libgcc.a(_pack_sf.o)
 .data          0x0080017d        0x0 c:/winavr-20100110/bin/../lib/gcc/avr/4.3.3/avr5\libgcc.a(_unpack_sf.o)
 .data          0x0080017d        0x0 c:/winavr-20100110/bin/../lib/gcc/avr/4.3.3/avr5\libgcc.a(_fpcmp_parts_sf.o)
 .data          0x0080017d        0x0 c:/winavr-20100110/bin/../lib/gcc/avr/4.3.3/../../../../avr/lib/avr5\libc.a(itoa.o)
 .data          0x0080017d        0x0 c:/winavr-20100110/bin/../lib/gcc/avr/4.3.3/../../../../avr/lib/avr5\libc.a(strrev.o)
 .data          0x0080017d        0x0 c:/winavr-20100110/bin/../lib/gcc/avr/4.3.3/avr5\libgcc.a(_udivmodhi4.o)
 *(.data*)
 .data.enuInitPreviousState
                0x0080017d        0x1 ./ECUAL/LCD/LCD.o
                0x0080017d                enuInitPreviousState
 .data.enuCommandPreviousState
                0x0080017e        0x1 ./ECUAL/LCD/LCD.o
                0x0080017e                enuCommandPreviousState
 .data.enuDataPreviousState
                0x0080017f        0x1 ./ECUAL/LCD/LCD.o
                0x0080017f                enuDataPreviousState
 *(.rodata)
 *(.rodata*)
 .rodata.au8PortsBaseAddressLUT
                0x00800180        0x4 ./MCAL/DIO/DIO.o
 *(.gnu.linkonce.d*)
                0x00800184                . = ALIGN (0x2)
                0x00800184                _edata = .
                0x00800184                PROVIDE (__data_end, .)

.bss            0x00800184       0x79
                0x00800184                PROVIDE (__bss_start, .)
 *(.bss)
 .bss           0x00800184        0x0 c:/winavr-20100110/bin/../lib/gcc/avr/4.3.3/../../../../avr/lib/avr5/crtm32.o
 .bss           0x00800184        0x0 ./Services/TDelay/TDelay.o
 .bss           0x00800184        0x0 ./MCAL/Timer/Timer.o
 .bss           0x00800184        0x0 ./MCAL/PWM/PWM.o
 .bss           0x00800184        0x0 ./MCAL/EX_INT/EXT_INT.o
 .bss           0x00800184        0x0 ./MCAL/DIO/DIO.o
 .bss           0x00800184        0x0 ./ECUAL/Ultrasonic/Ultrasonic.o
 .bss           0x00800184        0x0 ./ECUAL/SW_ICU/SW_ICU.o
 .bss           0x00800184        0x0 ./ECUAL/LCD/LCD.o
 .bss           0x00800184        0x0 ./ECUAL/HBridge/HBridge.o
 .bss           0x00800184        0x0 ./APP/HBridgeControl/HBridgeControl.o
 .bss           0x00800184        0x0 ./APP/GetDistance/GetDistance.o
 .bss           0x00800184        0x0 ./APP/DisplayDistance/DisplayDistance.o
 .bss           0x00800184        0x0 ./APP/CarControl/CarControl.o
 .bss           0x00800184        0x0 ./main.o
 .bss           0x00800184        0x0 c:/winavr-20100110/bin/../lib/gcc/avr/4.3.3/avr5\libgcc.a(_mulsi3.o)
 .bss           0x00800184        0x0 c:/winavr-20100110/bin/../lib/gcc/avr/4.3.3/avr5\libgcc.a(_udivmodsi4.o)
 .bss           0x00800184        0x0 c:/winavr-20100110/bin/../lib/gcc/avr/4.3.3/avr5\libgcc.a(_exit.o)
 .bss           0x00800184        0x0 c:/winavr-20100110/bin/../lib/gcc/avr/4.3.3/avr5\libgcc.a(_copy_data.o)
 .bss           0x00800184        0x0 c:/winavr-20100110/bin/../lib/gcc/avr/4.3.3/avr5\libgcc.a(_clear_bss.o)
 .bss           0x00800184        0x0 c:/winavr-20100110/bin/../lib/gcc/avr/4.3.3/avr5\libgcc.a(_muldi3.o)
 .bss           0x00800184        0x0 c:/winavr-20100110/bin/../lib/gcc/avr/4.3.3/avr5\libgcc.a(_ashldi3.o)
 .bss           0x00800184        0x0 c:/winavr-20100110/bin/../lib/gcc/avr/4.3.3/avr5\libgcc.a(_fixunssfsi.o)
 .bss           0x00800184        0x0 c:/winavr-20100110/bin/../lib/gcc/avr/4.3.3/avr5\libgcc.a(_udivdi3.o)
 .bss           0x00800184        0x0 c:/winavr-20100110/bin/../lib/gcc/avr/4.3.3/avr5\libgcc.a(_addsub_sf.o)
 .bss           0x00800184        0x0 c:/winavr-20100110/bin/../lib/gcc/avr/4.3.3/avr5\libgcc.a(_mul_sf.o)
 .bss           0x00800184        0x0 c:/winavr-20100110/bin/../lib/gcc/avr/4.3.3/avr5\libgcc.a(_div_sf.o)
 .bss           0x00800184        0x0 c:/winavr-20100110/bin/../lib/gcc/avr/4.3.3/avr5\libgcc.a(_gt_sf.o)
 .bss           0x00800184        0x0 c:/winavr-20100110/bin/../lib/gcc/avr/4.3.3/avr5\libgcc.a(_ge_sf.o)
 .bss           0x00800184        0x0 c:/winavr-20100110/bin/../lib/gcc/avr/4.3.3/avr5\libgcc.a(_lt_sf.o)
 .bss           0x00800184        0x0 c:/winavr-20100110/bin/../lib/gcc/avr/4.3.3/avr5\libgcc.a(_sf_to_si.o)
 .bss           0x00800184        0x0 c:/winavr-20100110/bin/../lib/gcc/avr/4.3.3/avr5\libgcc.a(_thenan_sf.o)
 .bss           0x00800184        0x0 c:/winavr-20100110/bin/../lib/gcc/avr/4.3.3/avr5\libgcc.a(_prologue.o)
 .bss           0x00800184        0x0 c:/winavr-20100110/bin/../lib/gcc/avr/4.3.3/avr5\libgcc.a(_epilogue.o)
 .bss           0x00800184        0x0 c:/winavr-20100110/bin/../lib/gcc/avr/4.3.3/avr5\libgcc.a(_clz.o)
 .bss           0x00800184        0x0 c:/winavr-20100110/bin/../lib/gcc/avr/4.3.3/avr5\libgcc.a(_pack_sf.o)
 .bss           0x00800184        0x0 c:/winavr-20100110/bin/../lib/gcc/avr/4.3.3/avr5\libgcc.a(_unpack_sf.o)
 .bss           0x00800184        0x0 c:/winavr-20100110/bin/../lib/gcc/avr/4.3.3/avr5\libgcc.a(_fpcmp_parts_sf.o)
 .bss           0x00800184        0x0 c:/winavr-20100110/bin/../lib/gcc/avr/4.3.3/../../../../avr/lib/avr5\libc.a(itoa.o)
 .bss           0x00800184        0x0 c:/winavr-20100110/bin/../lib/gcc/avr/4.3.3/../../../../avr/lib/avr5\libc.a(strrev.o)
 .bss           0x00800184        0x0 c:/winavr-20100110/bin/../lib/gcc/avr/4.3.3/avr5\libgcc.a(_udivmodhi4.o)
 *(.bss*)
 .bss.G_fptr    0x00800184        0x2 ./MCAL/Timer/Timer.o
                0x00800184                G_fptr
 .bss.Gu32_T0MaxOVCount
                0x00800186        0x8 ./MCAL/Timer/Timer.o
                0x00800186                Gu32_T0MaxOVCount
 .bss.Gu32_T0CurrentOVCount
                0x0080018e        0x8 ./MCAL/Timer/Timer.o
                0x0080018e                Gu32_T0CurrentOVCount
 .bss.Gu32_T0LastOVTicks
                0x00800196        0x1 ./MCAL/Timer/Timer.o
                0x00800196                Gu32_T0LastOVTicks
 .bss.Gu16_T0Prescaler
                0x00800197        0x2 ./MCAL/Timer/Timer.o
                0x00800197                Gu16_T0Prescaler
 .bss.Timer1_OVF_Callback
                0x00800199        0x2 ./MCAL/Timer/Timer.o
                0x00800199                Timer1_OVF_Callback
 .bss.Timer1_OVF_Counter
                0x0080019b        0x4 ./MCAL/Timer/Timer.o
                0x0080019b                Timer1_OVF_Counter
 .bss.G_fptr2   0x0080019f        0x2 ./MCAL/Timer/Timer.o
                0x0080019f                G_fptr2
 .bss.Gu32_T2MaxOVCount
                0x008001a1        0x8 ./MCAL/Timer/Timer.o
                0x008001a1                Gu32_T2MaxOVCount
 .bss.Gu32_T2CurrentOVCount
                0x008001a9        0x8 ./MCAL/Timer/Timer.o
                0x008001a9                Gu32_T2CurrentOVCount
 .bss.Gu32_T2LastOVTicks
                0x008001b1        0x1 ./MCAL/Timer/Timer.o
                0x008001b1                Gu32_T2LastOVTicks
 .bss.Gu16_T2Prescaler
                0x008001b2        0x2 ./MCAL/Timer/Timer.o
                0x008001b2                Gu16_T2Prescaler
 .bss.enuPWMState
                0x008001b4        0x1 ./MCAL/PWM/PWM.o
 .bss.enuPWMCompareOutputModeState
                0x008001b5        0x1 ./MCAL/PWM/PWM.o
 .bss.aenuDIOPinState
                0x008001b6       0x20 ./MCAL/DIO/DIO.o
 .bss.aenuDIOPortState
                0x008001d6        0x4 ./MCAL/DIO/DIO.o
 .bss.Reading1  0x008001da        0x4 ./ECUAL/Ultrasonic/Ultrasonic.o
                0x008001da                Reading1
 .bss.Reading2  0x008001de        0x4 ./ECUAL/Ultrasonic/Ultrasonic.o
                0x008001de                Reading2
 .bss.Reading_Flag
                0x008001e2        0x1 ./ECUAL/Ultrasonic/Ultrasonic.o
                0x008001e2                Reading_Flag
 .bss.u8Flag.1552
                0x008001e3        0x1 ./ECUAL/Ultrasonic/Ultrasonic.o
 .bss.enuInitCurrentState
                0x008001e4        0x1 ./ECUAL/LCD/LCD.o
                0x008001e4                enuInitCurrentState
 .bss.enuCommandCurrentState
                0x008001e5        0x1 ./ECUAL/LCD/LCD.o
                0x008001e5                enuCommandCurrentState
 .bss.enuDataCurrentState
                0x008001e6        0x1 ./ECUAL/LCD/LCD.o
                0x008001e6                enuDataCurrentState
 .bss.enuClearState
                0x008001e7        0x1 ./ECUAL/LCD/LCD.o
                0x008001e7                enuClearState
 .bss.u8LCDFlag
                0x008001e8        0x1 ./ECUAL/LCD/LCD.o
 .bss.enuRetVar.1633
                0x008001e9        0x1 ./ECUAL/LCD/LCD.o
 .bss.enuRetVar.1685
                0x008001ea        0x1 ./ECUAL/LCD/LCD.o
 .bss.enuRetVar.1758
                0x008001eb        0x1 ./ECUAL/LCD/LCD.o
 .bss.u8I.1831  0x008001ec        0x1 ./ECUAL/LCD/LCD.o
 .bss.Flag.1857
                0x008001ed        0x1 ./ECUAL/LCD/LCD.o
 .bss.u8Address.1856
                0x008001ee        0x1 ./ECUAL/LCD/LCD.o
 .bss.enuRetVar.1898
                0x008001ef        0x1 ./ECUAL/LCD/LCD.o
 .bss.enuHBridgeState
                0x008001f0        0x1 ./ECUAL/HBridge/HBridge.o
 .bss.gu8HBridgeMotorSpeed
                0x008001f1        0x1 ./ECUAL/HBridge/HBridge.o
 .bss.genuLCDFlagStates
                0x008001f2        0x1 ./APP/DisplayDistance/DisplayDistance.o
 .bss.u8LCDInitFlag.1699
                0x008001f3        0x1 ./APP/CarControl/CarControl.o
 *(COMMON)
 COMMON         0x008001f4        0x6 ./MCAL/EX_INT/EXT_INT.o
                0x008001f4                pEXTINT1CallBack
                0x008001f6                pEXTINT2CallBack
                0x008001f8                pEXTINT0CallBack
 COMMON         0x008001fa        0x2 ./APP/HBridgeControl/HBridgeControl.o
                0x008001fa                gu16Distance
 COMMON         0x008001fc        0x1 ./APP/DisplayDistance/DisplayDistance.o
                0x008001fc                gu8UltrasonicFlag
                0x008001fd                PROVIDE (__bss_end, .)
                0x00007e48                __data_load_start = LOADADDR (.data)
                0x00007f6c                __data_load_end = (__data_load_start + SIZEOF (.data))

.noinit         0x008001fd        0x0
                0x008001fd                PROVIDE (__noinit_start, .)
 *(.noinit*)
                0x008001fd                PROVIDE (__noinit_end, .)
                0x008001fd                _end = .
                0x008001fd                PROVIDE (__heap_start, .)

.eeprom         0x00810000        0x0
 *(.eeprom*)
                0x00810000                __eeprom_end = .

.fuse
 *(.fuse)
 *(.lfuse)
 *(.hfuse)
 *(.efuse)

.lock
 *(.lock*)

.signature
 *(.signature*)

.stab           0x00000000     0x6648
 *(.stab)
 .stab          0x00000000      0x498 ./Services/TDelay/TDelay.o
 .stab          0x00000498     0x1404 ./MCAL/Timer/Timer.o
                               0x1410 (size before relaxing)
 .stab          0x0000189c      0x594 ./MCAL/PWM/PWM.o
                                0x5a0 (size before relaxing)
 .stab          0x00001e30      0x57c ./MCAL/EX_INT/EXT_INT.o
                                0x588 (size before relaxing)
 .stab          0x000023ac      0x798 ./MCAL/DIO/DIO.o
                                0x7a4 (size before relaxing)
 .stab          0x00002b44      0xa50 ./ECUAL/Ultrasonic/Ultrasonic.o
                                0xa5c (size before relaxing)
 .stab          0x00003594      0x5ac ./ECUAL/SW_ICU/SW_ICU.o
                                0x5b8 (size before relaxing)
 .stab          0x00003b40      0xd20 ./ECUAL/LCD/LCD.o
                                0xd2c (size before relaxing)
 .stab          0x00004860      0x6cc ./ECUAL/HBridge/HBridge.o
                                0x6d8 (size before relaxing)
 .stab          0x00004f2c      0x3fc ./APP/HBridgeControl/HBridgeControl.o
                                0x408 (size before relaxing)
 .stab          0x00005328      0x4d4 ./APP/GetDistance/GetDistance.o
                                0x4e0 (size before relaxing)
 .stab          0x000057fc      0x654 ./APP/DisplayDistance/DisplayDistance.o
                                0x6b4 (size before relaxing)
 .stab          0x00005e50      0x624 ./APP/CarControl/CarControl.o
                                0x684 (size before relaxing)
 .stab          0x00006474      0x1d4 ./main.o
                                0x588 (size before relaxing)

.stabstr        0x00000000     0x7b5a
 *(.stabstr)
 .stabstr       0x00000000     0x7b5a ./Services/TDelay/TDelay.o

.stab.excl
 *(.stab.excl)

.stab.exclstr
 *(.stab.exclstr)

.stab.index
 *(.stab.index)

.stab.indexstr
 *(.stab.indexstr)

.comment
 *(.comment)

.debug
 *(.debug)

.line
 *(.line)

.debug_srcinfo
 *(.debug_srcinfo)

.debug_sfnames
 *(.debug_sfnames)

.debug_aranges  0x00000000      0x1c0
 *(.debug_aranges)
 .debug_aranges
                0x00000000       0x20 c:/winavr-20100110/bin/../lib/gcc/avr/4.3.3/avr5\libgcc.a(_muldi3.o)
 .debug_aranges
                0x00000020       0x20 c:/winavr-20100110/bin/../lib/gcc/avr/4.3.3/avr5\libgcc.a(_ashldi3.o)
 .debug_aranges
                0x00000040       0x20 c:/winavr-20100110/bin/../lib/gcc/avr/4.3.3/avr5\libgcc.a(_fixunssfsi.o)
 .debug_aranges
                0x00000060       0x20 c:/winavr-20100110/bin/../lib/gcc/avr/4.3.3/avr5\libgcc.a(_udivdi3.o)
 .debug_aranges
                0x00000080       0x20 c:/winavr-20100110/bin/../lib/gcc/avr/4.3.3/avr5\libgcc.a(_addsub_sf.o)
 .debug_aranges
                0x000000a0       0x20 c:/winavr-20100110/bin/../lib/gcc/avr/4.3.3/avr5\libgcc.a(_mul_sf.o)
 .debug_aranges
                0x000000c0       0x20 c:/winavr-20100110/bin/../lib/gcc/avr/4.3.3/avr5\libgcc.a(_div_sf.o)
 .debug_aranges
                0x000000e0       0x20 c:/winavr-20100110/bin/../lib/gcc/avr/4.3.3/avr5\libgcc.a(_gt_sf.o)
 .debug_aranges
                0x00000100       0x20 c:/winavr-20100110/bin/../lib/gcc/avr/4.3.3/avr5\libgcc.a(_ge_sf.o)
 .debug_aranges
                0x00000120       0x20 c:/winavr-20100110/bin/../lib/gcc/avr/4.3.3/avr5\libgcc.a(_lt_sf.o)
 .debug_aranges
                0x00000140       0x20 c:/winavr-20100110/bin/../lib/gcc/avr/4.3.3/avr5\libgcc.a(_sf_to_si.o)
 .debug_aranges
                0x00000160       0x20 c:/winavr-20100110/bin/../lib/gcc/avr/4.3.3/avr5\libgcc.a(_pack_sf.o)
 .debug_aranges
                0x00000180       0x20 c:/winavr-20100110/bin/../lib/gcc/avr/4.3.3/avr5\libgcc.a(_unpack_sf.o)
 .debug_aranges
                0x000001a0       0x20 c:/winavr-20100110/bin/../lib/gcc/avr/4.3.3/avr5\libgcc.a(_fpcmp_parts_sf.o)

.debug_pubnames
                0x00000000      0x20e
 *(.debug_pubnames)
 .debug_pubnames
                0x00000000       0x1f c:/winavr-20100110/bin/../lib/gcc/avr/4.3.3/avr5\libgcc.a(_muldi3.o)
 .debug_pubnames
                0x0000001f       0x20 c:/winavr-20100110/bin/../lib/gcc/avr/4.3.3/avr5\libgcc.a(_ashldi3.o)
 .debug_pubnames
                0x0000003f       0x23 c:/winavr-20100110/bin/../lib/gcc/avr/4.3.3/avr5\libgcc.a(_fixunssfsi.o)
 .debug_pubnames
                0x00000062       0x20 c:/winavr-20100110/bin/../lib/gcc/avr/4.3.3/avr5\libgcc.a(_udivdi3.o)
 .debug_pubnames
                0x00000082       0x2c c:/winavr-20100110/bin/../lib/gcc/avr/4.3.3/avr5\libgcc.a(_addsub_sf.o)
 .debug_pubnames
                0x000000ae       0x1f c:/winavr-20100110/bin/../lib/gcc/avr/4.3.3/avr5\libgcc.a(_mul_sf.o)
 .debug_pubnames
                0x000000cd       0x1f c:/winavr-20100110/bin/../lib/gcc/avr/4.3.3/avr5\libgcc.a(_div_sf.o)
 .debug_pubnames
                0x000000ec       0x1e c:/winavr-20100110/bin/../lib/gcc/avr/4.3.3/avr5\libgcc.a(_gt_sf.o)
 .debug_pubnames
                0x0000010a       0x1e c:/winavr-20100110/bin/../lib/gcc/avr/4.3.3/avr5\libgcc.a(_ge_sf.o)
 .debug_pubnames
                0x00000128       0x1e c:/winavr-20100110/bin/../lib/gcc/avr/4.3.3/avr5\libgcc.a(_lt_sf.o)
 .debug_pubnames
                0x00000146       0x20 c:/winavr-20100110/bin/../lib/gcc/avr/4.3.3/avr5\libgcc.a(_sf_to_si.o)
 .debug_pubnames
                0x00000166       0x22 c:/winavr-20100110/bin/../lib/gcc/avr/4.3.3/avr5\libgcc.a(_thenan_sf.o)
 .debug_pubnames
                0x00000188       0x20 c:/winavr-20100110/bin/../lib/gcc/avr/4.3.3/avr5\libgcc.a(_clz.o)
 .debug_pubnames
                0x000001a8       0x1f c:/winavr-20100110/bin/../lib/gcc/avr/4.3.3/avr5\libgcc.a(_pack_sf.o)
 .debug_pubnames
                0x000001c7       0x21 c:/winavr-20100110/bin/../lib/gcc/avr/4.3.3/avr5\libgcc.a(_unpack_sf.o)
 .debug_pubnames
                0x000001e8       0x26 c:/winavr-20100110/bin/../lib/gcc/avr/4.3.3/avr5\libgcc.a(_fpcmp_parts_sf.o)

.debug_info     0x00000000     0x2b91
 *(.debug_info)
 .debug_info    0x00000000      0x206 c:/winavr-20100110/bin/../lib/gcc/avr/4.3.3/avr5\libgcc.a(_muldi3.o)
 .debug_info    0x00000206      0x17f c:/winavr-20100110/bin/../lib/gcc/avr/4.3.3/avr5\libgcc.a(_ashldi3.o)
 .debug_info    0x00000385       0xb1 c:/winavr-20100110/bin/../lib/gcc/avr/4.3.3/avr5\libgcc.a(_fixunssfsi.o)
 .debug_info    0x00000436      0x71e c:/winavr-20100110/bin/../lib/gcc/avr/4.3.3/avr5\libgcc.a(_udivdi3.o)
 .debug_info    0x00000b54      0x47a c:/winavr-20100110/bin/../lib/gcc/avr/4.3.3/avr5\libgcc.a(_addsub_sf.o)
 .debug_info    0x00000fce      0x485 c:/winavr-20100110/bin/../lib/gcc/avr/4.3.3/avr5\libgcc.a(_mul_sf.o)
 .debug_info    0x00001453      0x3fc c:/winavr-20100110/bin/../lib/gcc/avr/4.3.3/avr5\libgcc.a(_div_sf.o)
 .debug_info    0x0000184f      0x27f c:/winavr-20100110/bin/../lib/gcc/avr/4.3.3/avr5\libgcc.a(_gt_sf.o)
 .debug_info    0x00001ace      0x27f c:/winavr-20100110/bin/../lib/gcc/avr/4.3.3/avr5\libgcc.a(_ge_sf.o)
 .debug_info    0x00001d4d      0x27f c:/winavr-20100110/bin/../lib/gcc/avr/4.3.3/avr5\libgcc.a(_lt_sf.o)
 .debug_info    0x00001fcc      0x2b0 c:/winavr-20100110/bin/../lib/gcc/avr/4.3.3/avr5\libgcc.a(_sf_to_si.o)
 .debug_info    0x0000227c      0x12c c:/winavr-20100110/bin/../lib/gcc/avr/4.3.3/avr5\libgcc.a(_thenan_sf.o)
 .debug_info    0x000023a8       0xa9 c:/winavr-20100110/bin/../lib/gcc/avr/4.3.3/avr5\libgcc.a(_clz.o)
 .debug_info    0x00002451      0x2df c:/winavr-20100110/bin/../lib/gcc/avr/4.3.3/avr5\libgcc.a(_pack_sf.o)
 .debug_info    0x00002730      0x251 c:/winavr-20100110/bin/../lib/gcc/avr/4.3.3/avr5\libgcc.a(_unpack_sf.o)
 .debug_info    0x00002981      0x210 c:/winavr-20100110/bin/../lib/gcc/avr/4.3.3/avr5\libgcc.a(_fpcmp_parts_sf.o)
 *(.gnu.linkonce.wi.*)

.debug_abbrev   0x00000000     0x14ca
 *(.debug_abbrev)
 .debug_abbrev  0x00000000       0xf0 c:/winavr-20100110/bin/../lib/gcc/avr/4.3.3/avr5\libgcc.a(_muldi3.o)
 .debug_abbrev  0x000000f0       0xee c:/winavr-20100110/bin/../lib/gcc/avr/4.3.3/avr5\libgcc.a(_ashldi3.o)
 .debug_abbrev  0x000001de       0x5d c:/winavr-20100110/bin/../lib/gcc/avr/4.3.3/avr5\libgcc.a(_fixunssfsi.o)
 .debug_abbrev  0x0000023b      0x181 c:/winavr-20100110/bin/../lib/gcc/avr/4.3.3/avr5\libgcc.a(_udivdi3.o)
 .debug_abbrev  0x000003bc      0x1ea c:/winavr-20100110/bin/../lib/gcc/avr/4.3.3/avr5\libgcc.a(_addsub_sf.o)
 .debug_abbrev  0x000005a6      0x21b c:/winavr-20100110/bin/../lib/gcc/avr/4.3.3/avr5\libgcc.a(_mul_sf.o)
 .debug_abbrev  0x000007c1      0x216 c:/winavr-20100110/bin/../lib/gcc/avr/4.3.3/avr5\libgcc.a(_div_sf.o)
 .debug_abbrev  0x000009d7      0x15a c:/winavr-20100110/bin/../lib/gcc/avr/4.3.3/avr5\libgcc.a(_gt_sf.o)
 .debug_abbrev  0x00000b31      0x15a c:/winavr-20100110/bin/../lib/gcc/avr/4.3.3/avr5\libgcc.a(_ge_sf.o)
 .debug_abbrev  0x00000c8b      0x15a c:/winavr-20100110/bin/../lib/gcc/avr/4.3.3/avr5\libgcc.a(_lt_sf.o)
 .debug_abbrev  0x00000de5      0x17f c:/winavr-20100110/bin/../lib/gcc/avr/4.3.3/avr5\libgcc.a(_sf_to_si.o)
 .debug_abbrev  0x00000f64       0xad c:/winavr-20100110/bin/../lib/gcc/avr/4.3.3/avr5\libgcc.a(_thenan_sf.o)
 .debug_abbrev  0x00001011       0x6a c:/winavr-20100110/bin/../lib/gcc/avr/4.3.3/avr5\libgcc.a(_clz.o)
 .debug_abbrev  0x0000107b      0x1c0 c:/winavr-20100110/bin/../lib/gcc/avr/4.3.3/avr5\libgcc.a(_pack_sf.o)
 .debug_abbrev  0x0000123b      0x154 c:/winavr-20100110/bin/../lib/gcc/avr/4.3.3/avr5\libgcc.a(_unpack_sf.o)
 .debug_abbrev  0x0000138f      0x13b c:/winavr-20100110/bin/../lib/gcc/avr/4.3.3/avr5\libgcc.a(_fpcmp_parts_sf.o)

.debug_line     0x00000000     0x135c
 *(.debug_line)
 .debug_line    0x00000000       0xaf c:/winavr-20100110/bin/../lib/gcc/avr/4.3.3/avr5\libgcc.a(_muldi3.o)
 .debug_line    0x000000af       0xd7 c:/winavr-20100110/bin/../lib/gcc/avr/4.3.3/avr5\libgcc.a(_ashldi3.o)
 .debug_line    0x00000186       0xa7 c:/winavr-20100110/bin/../lib/gcc/avr/4.3.3/avr5\libgcc.a(_fixunssfsi.o)
 .debug_line    0x0000022d      0x1d8 c:/winavr-20100110/bin/../lib/gcc/avr/4.3.3/avr5\libgcc.a(_udivdi3.o)
 .debug_line    0x00000405      0x2af c:/winavr-20100110/bin/../lib/gcc/avr/4.3.3/avr5\libgcc.a(_addsub_sf.o)
 .debug_line    0x000006b4      0x239 c:/winavr-20100110/bin/../lib/gcc/avr/4.3.3/avr5\libgcc.a(_mul_sf.o)
 .debug_line    0x000008ed      0x1d5 c:/winavr-20100110/bin/../lib/gcc/avr/4.3.3/avr5\libgcc.a(_div_sf.o)
 .debug_line    0x00000ac2       0xd3 c:/winavr-20100110/bin/../lib/gcc/avr/4.3.3/avr5\libgcc.a(_gt_sf.o)
 .debug_line    0x00000b95       0xd3 c:/winavr-20100110/bin/../lib/gcc/avr/4.3.3/avr5\libgcc.a(_ge_sf.o)
 .debug_line    0x00000c68       0xd3 c:/winavr-20100110/bin/../lib/gcc/avr/4.3.3/avr5\libgcc.a(_lt_sf.o)
 .debug_line    0x00000d3b      0x109 c:/winavr-20100110/bin/../lib/gcc/avr/4.3.3/avr5\libgcc.a(_sf_to_si.o)
 .debug_line    0x00000e44       0x90 c:/winavr-20100110/bin/../lib/gcc/avr/4.3.3/avr5\libgcc.a(_thenan_sf.o)
 .debug_line    0x00000ed4       0x7c c:/winavr-20100110/bin/../lib/gcc/avr/4.3.3/avr5\libgcc.a(_clz.o)
 .debug_line    0x00000f50      0x18a c:/winavr-20100110/bin/../lib/gcc/avr/4.3.3/avr5\libgcc.a(_pack_sf.o)
 .debug_line    0x000010da      0x14b c:/winavr-20100110/bin/../lib/gcc/avr/4.3.3/avr5\libgcc.a(_unpack_sf.o)
 .debug_line    0x00001225      0x137 c:/winavr-20100110/bin/../lib/gcc/avr/4.3.3/avr5\libgcc.a(_fpcmp_parts_sf.o)

.debug_frame    0x00000000      0x1e0
 *(.debug_frame)
 .debug_frame   0x00000000       0x20 c:/winavr-20100110/bin/../lib/gcc/avr/4.3.3/avr5\libgcc.a(_muldi3.o)
 .debug_frame   0x00000020       0x20 c:/winavr-20100110/bin/../lib/gcc/avr/4.3.3/avr5\libgcc.a(_ashldi3.o)
 .debug_frame   0x00000040       0x20 c:/winavr-20100110/bin/../lib/gcc/avr/4.3.3/avr5\libgcc.a(_fixunssfsi.o)
 .debug_frame   0x00000060       0x20 c:/winavr-20100110/bin/../lib/gcc/avr/4.3.3/avr5\libgcc.a(_udivdi3.o)
 .debug_frame   0x00000080       0x40 c:/winavr-20100110/bin/../lib/gcc/avr/4.3.3/avr5\libgcc.a(_addsub_sf.o)
 .debug_frame   0x000000c0       0x20 c:/winavr-20100110/bin/../lib/gcc/avr/4.3.3/avr5\libgcc.a(_mul_sf.o)
 .debug_frame   0x000000e0       0x20 c:/winavr-20100110/bin/../lib/gcc/avr/4.3.3/avr5\libgcc.a(_div_sf.o)
 .debug_frame   0x00000100       0x20 c:/winavr-20100110/bin/../lib/gcc/avr/4.3.3/avr5\libgcc.a(_gt_sf.o)
 .debug_frame   0x00000120       0x20 c:/winavr-20100110/bin/../lib/gcc/avr/4.3.3/avr5\libgcc.a(_ge_sf.o)
 .debug_frame   0x00000140       0x20 c:/winavr-20100110/bin/../lib/gcc/avr/4.3.3/avr5\libgcc.a(_lt_sf.o)
 .debug_frame   0x00000160       0x20 c:/winavr-20100110/bin/../lib/gcc/avr/4.3.3/avr5\libgcc.a(_sf_to_si.o)
 .debug_frame   0x00000180       0x20 c:/winavr-20100110/bin/../lib/gcc/avr/4.3.3/avr5\libgcc.a(_pack_sf.o)
 .debug_frame   0x000001a0       0x20 c:/winavr-20100110/bin/../lib/gcc/avr/4.3.3/avr5\libgcc.a(_unpack_sf.o)
 .debug_frame   0x000001c0       0x20 c:/winavr-20100110/bin/../lib/gcc/avr/4.3.3/avr5\libgcc.a(_fpcmp_parts_sf.o)

.debug_str      0x00000000      0x374
 *(.debug_str)
 .debug_str     0x00000000       0xed c:/winavr-20100110/bin/../lib/gcc/avr/4.3.3/avr5\libgcc.a(_muldi3.o)
                                0x13f (size before relaxing)
 .debug_str     0x000000ed       0x23 c:/winavr-20100110/bin/../lib/gcc/avr/4.3.3/avr5\libgcc.a(_ashldi3.o)
                                0x131 (size before relaxing)
 .debug_str     0x00000110       0x14 c:/winavr-20100110/bin/../lib/gcc/avr/4.3.3/avr5\libgcc.a(_fixunssfsi.o)
                                 0xfe (size before relaxing)
 .debug_str     0x00000124       0x54 c:/winavr-20100110/bin/../lib/gcc/avr/4.3.3/avr5\libgcc.a(_udivdi3.o)
                                0x18a (size before relaxing)
 .debug_str     0x00000178      0x14d c:/winavr-20100110/bin/../lib/gcc/avr/4.3.3/avr5\libgcc.a(_addsub_sf.o)
                                0x206 (size before relaxing)
 .debug_str     0x000002c5       0x27 c:/winavr-20100110/bin/../lib/gcc/avr/4.3.3/avr5\libgcc.a(_mul_sf.o)
                                0x1bf (size before relaxing)
 .debug_str     0x000002ec       0x35 c:/winavr-20100110/bin/../lib/gcc/avr/4.3.3/avr5\libgcc.a(_div_sf.o)
                                0x1c8 (size before relaxing)
 .debug_str     0x00000321        0x8 c:/winavr-20100110/bin/../lib/gcc/avr/4.3.3/avr5\libgcc.a(_gt_sf.o)
                                0x195 (size before relaxing)
 .debug_str     0x00000329        0x8 c:/winavr-20100110/bin/../lib/gcc/avr/4.3.3/avr5\libgcc.a(_ge_sf.o)
                                0x195 (size before relaxing)
 .debug_str     0x00000331        0x8 c:/winavr-20100110/bin/../lib/gcc/avr/4.3.3/avr5\libgcc.a(_lt_sf.o)
                                0x195 (size before relaxing)
 .debug_str     0x00000339        0xa c:/winavr-20100110/bin/../lib/gcc/avr/4.3.3/avr5\libgcc.a(_sf_to_si.o)
                                0x19e (size before relaxing)
 .debug_str     0x00000000      0x103 c:/winavr-20100110/bin/../lib/gcc/avr/4.3.3/avr5\libgcc.a(_thenan_sf.o)
 .debug_str     0x00000000       0xf4 c:/winavr-20100110/bin/../lib/gcc/avr/4.3.3/avr5\libgcc.a(_clz.o)
 .debug_str     0x00000343       0x16 c:/winavr-20100110/bin/../lib/gcc/avr/4.3.3/avr5\libgcc.a(_pack_sf.o)
                                0x19d (size before relaxing)
 .debug_str     0x00000359        0xb c:/winavr-20100110/bin/../lib/gcc/avr/4.3.3/avr5\libgcc.a(_unpack_sf.o)
                                0x17f (size before relaxing)
 .debug_str     0x00000364       0x10 c:/winavr-20100110/bin/../lib/gcc/avr/4.3.3/avr5\libgcc.a(_fpcmp_parts_sf.o)
                                0x163 (size before relaxing)

.debug_loc      0x00000000     0x18c6
 *(.debug_loc)
 .debug_loc     0x00000000       0xcc c:/winavr-20100110/bin/../lib/gcc/avr/4.3.3/avr5\libgcc.a(_muldi3.o)
 .debug_loc     0x000000cc       0xf8 c:/winavr-20100110/bin/../lib/gcc/avr/4.3.3/avr5\libgcc.a(_ashldi3.o)
 .debug_loc     0x000001c4       0x34 c:/winavr-20100110/bin/../lib/gcc/avr/4.3.3/avr5\libgcc.a(_fixunssfsi.o)
 .debug_loc     0x000001f8      0xe74 c:/winavr-20100110/bin/../lib/gcc/avr/4.3.3/avr5\libgcc.a(_udivdi3.o)
 .debug_loc     0x0000106c      0x32a c:/winavr-20100110/bin/../lib/gcc/avr/4.3.3/avr5\libgcc.a(_addsub_sf.o)
 .debug_loc     0x00001396      0x104 c:/winavr-20100110/bin/../lib/gcc/avr/4.3.3/avr5\libgcc.a(_mul_sf.o)
 .debug_loc     0x0000149a       0xc0 c:/winavr-20100110/bin/../lib/gcc/avr/4.3.3/avr5\libgcc.a(_div_sf.o)
 .debug_loc     0x0000155a       0x3c c:/winavr-20100110/bin/../lib/gcc/avr/4.3.3/avr5\libgcc.a(_gt_sf.o)
 .debug_loc     0x00001596       0x3c c:/winavr-20100110/bin/../lib/gcc/avr/4.3.3/avr5\libgcc.a(_ge_sf.o)
 .debug_loc     0x000015d2       0x3c c:/winavr-20100110/bin/../lib/gcc/avr/4.3.3/avr5\libgcc.a(_lt_sf.o)
 .debug_loc     0x0000160e       0x7e c:/winavr-20100110/bin/../lib/gcc/avr/4.3.3/avr5\libgcc.a(_sf_to_si.o)
 .debug_loc     0x0000168c      0x13e c:/winavr-20100110/bin/../lib/gcc/avr/4.3.3/avr5\libgcc.a(_pack_sf.o)
 .debug_loc     0x000017ca       0xac c:/winavr-20100110/bin/../lib/gcc/avr/4.3.3/avr5\libgcc.a(_unpack_sf.o)
 .debug_loc     0x00001876       0x50 c:/winavr-20100110/bin/../lib/gcc/avr/4.3.3/avr5\libgcc.a(_fpcmp_parts_sf.o)

.debug_macinfo
 *(.debug_macinfo)
OUTPUT(AutoCar.elf elf32-avr)
LOAD linker stubs

.debug_ranges   0x00000000       0x68
 .debug_ranges  0x00000000       0x18 c:/winavr-20100110/bin/../lib/gcc/avr/4.3.3/avr5\libgcc.a(_udivdi3.o)
 .debug_ranges  0x00000018       0x50 c:/winavr-20100110/bin/../lib/gcc/avr/4.3.3/avr5\libgcc.a(_mul_sf.o)
